Component: ARM Compiler 5.06 update 5 (build 528) Tool: armlink [4d35e2]

==============================================================================

Section Cross References

    startup_stm32f103xb.o(RESET) refers to startup_stm32f103xb.o(STACK) for __initial_sp
    startup_stm32f103xb.o(RESET) refers to startup_stm32f103xb.o(.text) for Reset_Handler
    startup_stm32f103xb.o(RESET) refers to stm32f1xx_it.o(i.NMI_Handler) for NMI_Handler
    startup_stm32f103xb.o(RESET) refers to stm32f1xx_it.o(i.HardFault_Handler) for HardFault_Handler
    startup_stm32f103xb.o(RESET) refers to stm32f1xx_it.o(i.MemManage_Handler) for MemManage_Handler
    startup_stm32f103xb.o(RESET) refers to stm32f1xx_it.o(i.BusFault_Handler) for BusFault_Handler
    startup_stm32f103xb.o(RESET) refers to stm32f1xx_it.o(i.UsageFault_Handler) for UsageFault_Handler
    startup_stm32f103xb.o(RESET) refers to stm32f1xx_it.o(i.SVC_Handler) for SVC_Handler
    startup_stm32f103xb.o(RESET) refers to stm32f1xx_it.o(i.DebugMon_Handler) for DebugMon_Handler
    startup_stm32f103xb.o(RESET) refers to stm32f1xx_it.o(i.PendSV_Handler) for PendSV_Handler
    startup_stm32f103xb.o(RESET) refers to stm32f1xx_it.o(i.SysTick_Handler) for SysTick_Handler
    startup_stm32f103xb.o(.text) refers to system_stm32f1xx.o(i.SystemInit) for SystemInit
    startup_stm32f103xb.o(.text) refers to entry.o(.ARM.Collect$$$$00000000) for __main
    main.o(i.MX_CAN_Init) refers to stm32f1xx_hal_can.o(i.HAL_CAN_Init) for HAL_CAN_Init
    main.o(i.MX_CAN_Init) refers to main.o(i.Error_Handler) for Error_Handler
    main.o(i.MX_CAN_Init) refers to main.o(.bss) for hcan
    main.o(i.MX_GPIO_Init) refers to stm32f1xx_hal_gpio.o(i.HAL_GPIO_WritePin) for HAL_GPIO_WritePin
    main.o(i.MX_GPIO_Init) refers to stm32f1xx_hal_gpio.o(i.HAL_GPIO_Init) for HAL_GPIO_Init
    main.o(i.SystemClock_Config) refers to memseta.o(.text) for __aeabi_memclr4
    main.o(i.SystemClock_Config) refers to stm32f1xx_hal_rcc.o(i.HAL_RCC_OscConfig) for HAL_RCC_OscConfig
    main.o(i.SystemClock_Config) refers to main.o(i.Error_Handler) for Error_Handler
    main.o(i.SystemClock_Config) refers to stm32f1xx_hal_rcc.o(i.HAL_RCC_ClockConfig) for HAL_RCC_ClockConfig
    main.o(i.main) refers to stm32f1xx_hal.o(i.HAL_Init) for HAL_Init
    main.o(i.main) refers to main.o(i.SystemClock_Config) for SystemClock_Config
    main.o(i.main) refers to main.o(i.MX_GPIO_Init) for MX_GPIO_Init
    main.o(i.main) refers to main.o(i.MX_CAN_Init) for MX_CAN_Init
    main.o(i.main) refers to task.o(i.vOledInit) for vOledInit
    main.o(i.main) refers to task.o(i.Button_Init) for Button_Init
    main.o(i.main) refers to task.o(i.vCanService_Init) for vCanService_Init
    main.o(i.main) refers to task.o(i.vtask) for vtask
    stm32f1xx_it.o(i.SysTick_Handler) refers to stm32f1xx_hal.o(i.HAL_IncTick) for HAL_IncTick
    stm32f1xx_hal_msp.o(i.HAL_CAN_MspDeInit) refers to stm32f1xx_hal_gpio.o(i.HAL_GPIO_DeInit) for HAL_GPIO_DeInit
    stm32f1xx_hal_msp.o(i.HAL_CAN_MspInit) refers to stm32f1xx_hal_gpio.o(i.HAL_GPIO_Init) for HAL_GPIO_Init
    stm32f1xx_hal_can.o(i.HAL_CAN_DeInit) refers to stm32f1xx_hal_can.o(i.HAL_CAN_Stop) for HAL_CAN_Stop
    stm32f1xx_hal_can.o(i.HAL_CAN_DeInit) refers to stm32f1xx_hal_msp.o(i.HAL_CAN_MspDeInit) for HAL_CAN_MspDeInit
    stm32f1xx_hal_can.o(i.HAL_CAN_IRQHandler) refers to stm32f1xx_hal_can.o(i.HAL_CAN_TxMailbox0CompleteCallback) for HAL_CAN_TxMailbox0CompleteCallback
    stm32f1xx_hal_can.o(i.HAL_CAN_IRQHandler) refers to stm32f1xx_hal_can.o(i.HAL_CAN_TxMailbox0AbortCallback) for HAL_CAN_TxMailbox0AbortCallback
    stm32f1xx_hal_can.o(i.HAL_CAN_IRQHandler) refers to stm32f1xx_hal_can.o(i.HAL_CAN_TxMailbox1CompleteCallback) for HAL_CAN_TxMailbox1CompleteCallback
    stm32f1xx_hal_can.o(i.HAL_CAN_IRQHandler) refers to stm32f1xx_hal_can.o(i.HAL_CAN_TxMailbox1AbortCallback) for HAL_CAN_TxMailbox1AbortCallback
    stm32f1xx_hal_can.o(i.HAL_CAN_IRQHandler) refers to stm32f1xx_hal_can.o(i.HAL_CAN_TxMailbox2CompleteCallback) for HAL_CAN_TxMailbox2CompleteCallback
    stm32f1xx_hal_can.o(i.HAL_CAN_IRQHandler) refers to stm32f1xx_hal_can.o(i.HAL_CAN_TxMailbox2AbortCallback) for HAL_CAN_TxMailbox2AbortCallback
    stm32f1xx_hal_can.o(i.HAL_CAN_IRQHandler) refers to stm32f1xx_hal_can.o(i.HAL_CAN_RxFifo0FullCallback) for HAL_CAN_RxFifo0FullCallback
    stm32f1xx_hal_can.o(i.HAL_CAN_IRQHandler) refers to stm32f1xx_hal_can.o(i.HAL_CAN_RxFifo0MsgPendingCallback) for HAL_CAN_RxFifo0MsgPendingCallback
    stm32f1xx_hal_can.o(i.HAL_CAN_IRQHandler) refers to stm32f1xx_hal_can.o(i.HAL_CAN_RxFifo1FullCallback) for HAL_CAN_RxFifo1FullCallback
    stm32f1xx_hal_can.o(i.HAL_CAN_IRQHandler) refers to stm32f1xx_hal_can.o(i.HAL_CAN_RxFifo1MsgPendingCallback) for HAL_CAN_RxFifo1MsgPendingCallback
    stm32f1xx_hal_can.o(i.HAL_CAN_IRQHandler) refers to stm32f1xx_hal_can.o(i.HAL_CAN_SleepCallback) for HAL_CAN_SleepCallback
[...]
    printf3.o(i.__0vsnprintf$3) refers to printf3.o(i._snputc) for _snputc
    printf3.o(i.__0vsprintf$3) refers to printf3.o(i._printf_core) for _printf_core
    printf3.o(i.__0vsprintf$3) refers to printf3.o(i._sputc) for _sputc
    printf3.o(i._printf_core) refers to uidiv.o(.text) for __aeabi_uidivmod
    printf4.o(i.__0fprintf$4) refers to printf4.o(i._printf_core) for _printf_core
    printf4.o(i.__0fprintf$4) refers to fputc.o(i.fputc) for fputc
    printf4.o(i.__0printf$4) refers to printf4.o(i._printf_core) for _printf_core
    printf4.o(i.__0printf$4) refers to fputc.o(i.fputc) for fputc
    printf4.o(i.__0printf$4) refers to stdout.o(.data) for __stdout
    printf4.o(i.__0snprintf$4) refers to printf4.o(i._printf_core) for _printf_core
    printf4.o(i.__0snprintf$4) refers to printf4.o(i._snputc) for _snputc
    printf4.o(i.__0sprintf$4) refers to printf4.o(i._printf_core) for _printf_core
    printf4.o(i.__0sprintf$4) refers to printf4.o(i._sputc) for _sputc
    printf4.o(i.__0vfprintf$4) refers to printf4.o(i._printf_core) for _printf_core
    printf4.o(i.__0vfprintf$4) refers to fputc.o(i.fputc) for fputc
    printf4.o(i.__0vprintf$4) refers to printf4.o(i._printf_core) for _printf_core
    printf4.o(i.__0vprintf$4) refers to fputc.o(i.fputc) for fputc
    printf4.o(i.__0vprintf$4) refers to stdout.o(.data) for __stdout
    printf4.o(i.__0vsnprintf$4) refers to printf4.o(i._printf_core) for _printf_core
    printf4.o(i.__0vsnprintf$4) refers to printf4.o(i._snputc) for _snputc
    printf4.o(i.__0vsprintf$4) refers to printf4.o(i._printf_core) for _printf_core
    printf4.o(i.__0vsprintf$4) refers to printf4.o(i._sputc) for _sputc
    printf4.o(i._printf_core) refers to uldiv.o(.text) for __aeabi_uldivmod
    printf5.o(i.__0fprintf$5) refers to printf5.o(i._printf_core) for _printf_core
    printf5.o(i.__0fprintf$5) refers to fputc.o(i.fputc) for fputc
    printf5.o(i.__0printf$5) refers to printf5.o(i._printf_core) for _printf_core
    printf5.o(i.__0printf$5) refers to fputc.o(i.fputc) for fputc
    printf5.o(i.__0printf$5) refers to stdout.o(.data) for __stdout
    printf5.o(i.__0snprintf$5) refers to printf5.o(i._printf_core) for _printf_core
    printf5.o(i.__0snprintf$5) refers to printf5.o(i._snputc) for _snputc
    printf5.o(i.__0sprintf$5) refers to printf5.o(i._printf_core) for _printf_core
    printf5.o(i.__0sprintf$5) refers to printf5.o(i._sputc) for _sputc
    printf5.o(i.__0vfprintf$5) refers to printf5.o(i._printf_core) for _printf_core
    printf5.o(i.__0vfprintf$5) refers to fputc.o(i.fputc) for fputc
    printf5.o(i.__0vprintf$5) refers to printf5.o(i._printf_core) for _printf_core
    printf5.o(i.__0vprintf$5) refers to fputc.o(i.fputc) for fputc
    printf5.o(i.__0vprintf$5) refers to stdout.o(.data) for __stdout
    printf5.o(i.__0vsnprintf$5) refers to printf5.o(i._printf_core) for _printf_core
    printf5.o(i.__0vsnprintf$5) refers to printf5.o(i._snputc) for _snputc
    printf5.o(i.__0vsprintf$5) refers to printf5.o(i._printf_core) for _printf_core
    printf5.o(i.__0vsprintf$5) refers to printf5.o(i._sputc) for _sputc
    printf5.o(i._printf_core) refers to uldiv.o(.text) for __aeabi_uldivmod
    printf6.o(i.__0fprintf$6) refers to printf6.o(i._printf_core) for _printf_core
    printf6.o(i.__0fprintf$6) refers to fputc.o(i.fputc) for fputc
    printf6.o(i.__0printf$6) refers to printf6.o(i._printf_core) for _printf_core
    printf6.o(i.__0printf$6) refers to fputc.o(i.fputc) for fputc
    printf6.o(i.__0printf$6) refers to stdout.o(.data) for __stdout
    printf6.o(i.__0snprintf$6) refers to printf6.o(i._printf_core) for _printf_core
    printf6.o(i.__0snprintf$6) refers to printf6.o(i._snputc) for _snputc
    printf6.o(i.__0sprintf$6) refers to printf6.o(i._printf_core) for _printf_core
    printf6.o(i.__0sprintf$6) refers to printf6.o(i._sputc) for _sputc
    printf6.o(i.__0vfprintf$6) refers to printf6.o(i._printf_core) for _printf_core
    printf6.o(i.__0vfprintf$6) refers to fputc.o(i.fputc) for fputc
    printf6.o(i.__0vprintf$6) refers to printf6.o(i._printf_core) for _printf_core
    printf6.o(i.__0vprintf$6) refers to fputc.o(i.fputc) for fputc
    printf6.o(i.__0vprintf$6) refers to stdout.o(.data) for __stdout
    printf6.o(i.__0vsnprintf$6) refers to printf6.o(i._printf_core) for _printf_core
    printf6.o(i.__0vsnprintf$6) refers to printf6.o(i._snputc) for _snputc
    printf6.o(i.__0vsprintf$6) refers to printf6.o(i._printf_core) for _printf_core
    printf6.o(i.__0vsprintf$6) refers to printf6.o(i._sputc) for _sputc
    printf6.o(i._printf_core) refers to printf6.o(i._printf_pre_padding) for _printf_pre_padding
    printf6.o(i._printf_core) refers to uidiv.o(.text) for __aeabi_uidivmod
    printf6.o(i._printf_core) refers to printf6.o(i._printf_post_padding) for _printf_post_padding
    printf7.o(i.__0fprintf$7) refers to printf7.o(i._printf_core) for _printf_core
    printf7.o(i.__0fprintf$7) refers to fputc.o(i.fputc) for fputc
    printf7.o(i.__0printf$7) refers to printf7.o(i._printf_core) for _printf_core
    printf7.o(i.__0printf$7) refers to fputc.o(i.fputc) for fputc
    printf7.o(i.__0printf$7) refers to stdout.o(.data) for __stdout
    printf7.o(i.__0snprintf$7) refers to printf7.o(i._printf_core) for _printf_core
    printf7.o(i.__0snprintf$7) refers to printf7.o(i._snputc) for _snputc
    printf7.o(i.__0sprintf$7) refers to printf7.o(i._printf_core) for _printf_core
    printf7.o(i.__0sprintf$7) refers to printf7.o(i._sputc) for _sputc
    printf7.o(i.__0vfprintf$7) refers to printf7.o(i._printf_core) for _printf_core
    printf7.o(i.__0vfprintf$7) refers to fputc.o(i.fputc) for fputc
    printf7.o(i.__0vprintf$7) refers to printf7.o(i._printf_core) for _printf_core
    printf7.o(i.__0vprintf$7) refers to fputc.o(i.fputc) for fputc
    printf7.o(i.__0vprintf$7) refers to stdout.o(.data) for __stdout
    printf7.o(i.__0vsnprintf$7) refers to printf7.o(i._printf_core) for _printf_core
    printf7.o(i.__0vsnprintf$7) refers to printf7.o(i._snputc) for _snputc
    printf7.o(i.__0vsprintf$7) refers to printf7.o(i._printf_core) for _printf_core
    printf7.o(i.__0vsprintf$7) refers to printf7.o(i._sputc) for _sputc
    printf7.o(i._printf_core) refers to printf7.o(i._printf_pre_padding) for _printf_pre_padding
    printf7.o(i._printf_core) refers to uldiv.o(.text) for __aeabi_uldivmod
    printf7.o(i._printf_core) refers to printf7.o(i._printf_post_padding) for _printf_post_padding
    printf8.o(i.__0fprintf$8) refers to printf8.o(i._printf_core) for _printf_core
    printf8.o(i.__0fprintf$8) refers to fputc.o(i.fputc) for fputc
    printf8.o(i.__0printf$8) refers to printf8.o(i._printf_core) for _printf_core
    printf8.o(i.__0printf$8) refers to fputc.o(i.fputc) for fputc
    printf8.o(i.__0printf$8) refers to stdout.o(.data) for __stdout
    printf8.o(i.__0snprintf$8) refers to printf8.o(i._printf_core) for _printf_core
    printf8.o(i.__0snprintf$8) refers to printf8.o(i._snputc) for _snputc
    printf8.o(i.__0sprintf$8) refers to printf8.o(i._printf_core) for _printf_core
    printf8.o(i.__0sprintf$8) refers to printf8.o(i._sputc) for _sputc
    printf8.o(i.__0vfprintf$8) refers to printf8.o(i._printf_core) for _printf_core
    printf8.o(i.__0vfprintf$8) refers to fputc.o(i.fputc) for fputc
    printf8.o(i.__0vprintf$8) refers to printf8.o(i._printf_core) for _printf_core
    printf8.o(i.__0vprintf$8) refers to fputc.o(i.fputc) for fputc
    printf8.o(i.__0vprintf$8) refers to stdout.o(.data) for __stdout
    printf8.o(i.__0vsnprintf$8) refers to printf8.o(i._printf_core) for _printf_core
    printf8.o(i.__0vsnprintf$8) refers to printf8.o(i._snputc) for _snputc
    printf8.o(i.__0vsprintf$8) refers to printf8.o(i._printf_core) for _printf_core
    printf8.o(i.__0vsprintf$8) refers to printf8.o(i._sputc) for _sputc
    printf8.o(i._printf_core) refers to printf8.o(i._printf_pre_padding) for _printf_pre_padding
    printf8.o(i._printf_core) refers to uldiv.o(.text) for __aeabi_uldivmod
    printf8.o(i._printf_core) refers to printf8.o(i._printf_post_padding) for _printf_post_padding
    printfa.o(i.__0fprintf) refers (Special) to iusefp.o(.text) for __I$use$fp
    printfa.o(i.__0fprintf) refers to printfa.o(i._printf_core) for _printf_core
    printfa.o(i.__0fprintf) refers to fputc.o(i.fputc) for fputc
    printfa.o(i.__0printf) refers (Special) to iusefp.o(.text) for __I$use$fp
    printfa.o(i.__0printf) refers to printfa.o(i._printf_core) for _printf_core
    printfa.o(i.__0printf) refers to fputc.o(i.fputc) for fputc
    printfa.o(i.__0printf) refers to stdout.o(.data) for __stdout
    printfa.o(i.__0snprintf) refers (Special) to iusefp.o(.text) for __I$use$fp
    printfa.o(i.__0snprintf) refers to printfa.o(i._printf_core) for _printf_core
    printfa.o(i.__0snprintf) refers to printfa.o(i._snputc) for _snputc
    printfa.o(i.__0sprintf) refers (Special) to iusefp.o(.text) for __I$use$fp
    printfa.o(i.__0sprintf) refers to printfa.o(i._printf_core) for _printf_core
    printfa.o(i.__0sprintf) refers to printfa.o(i._sputc) for _sputc
    printfa.o(i.__0vfprintf) refers (Special) to iusefp.o(.text) for __I$use$fp
    printfa.o(i.__0vfprintf) refers to printfa.o(i._printf_core) for _printf_core
    printfa.o(i.__0vfprintf) refers to fputc.o(i.fputc) for fputc
    printfa.o(i.__0vprintf) refers (Special) to iusefp.o(.text) for __I$use$fp
    printfa.o(i.__0vprintf) refers to printfa.o(i._printf_core) for _printf_core
    printfa.o(i.__0vprintf) refers to fputc.o(i.fputc) for fputc
    printfa.o(i.__0vprintf) refers to stdout.o(.data) for __stdout
    printfa.o(i.__0vsnprintf) refers (Special) to iusefp.o(.text) for __I$use$fp
    printfa.o(i.__0vsnprintf) refers to printfa.o(i._printf_core) for _printf_core
    printfa.o(i.__0vsnprintf) refers to printfa.o(i._snputc) for _snputc
    printfa.o(i.__0vsprintf) refers (Special) to iusefp.o(.text) for __I$use$fp
    printfa.o(i.__0vsprintf) refers to printfa.o(i._printf_core) for _printf_core
    printfa.o(i.__0vsprintf) refers to printfa.o(i._sputc) for _sputc
    printfa.o(i._fp_digits) refers (Special) to iusefp.o(.text) for __I$use$fp
    printfa.o(i._fp_digits) refers to dmul.o(.text) for __aeabi_dmul
    printfa.o(i._fp_digits) refers to ddiv.o(.text) for __aeabi_ddiv
    printfa.o(i._fp_digits) refers to cdrcmple.o(.text) for __aeabi_cdrcmple
    printfa.o(i._fp_digits) refers to dadd.o(.text) for __aeabi_dadd
    printfa.o(i._fp_digits) refers to dfixul.o(.text) for __aeabi_d2ulz
    printfa.o(i._fp_digits) refers to uldiv.o(.text) for __aeabi_uldivmod
    printfa.o(i._printf_core) refers (Special) to iusefp.o(.text) for __I$use$fp
    printfa.o(i._printf_core) refers to printfa.o(i._printf_pre_padding) for _printf_pre_padding
    printfa.o(i._printf_core) refers to uldiv.o(.text) for __aeabi_uldivmod
    printfa.o(i._printf_core) refers to printfa.o(i._printf_post_padding) for _printf_post_padding
    printfa.o(i._printf_core) refers to printfa.o(i._fp_digits) for _fp_digits
    printfa.o(i._printf_core) refers to uidiv.o(.text) for __aeabi_uidivmod
    printfa.o(i._printf_post_padding) refers (Special) to iusefp.o(.text) for __I$use$fp
    printfa.o(i._printf_pre_padding) refers (Special) to iusefp.o(.text) for __I$use$fp
    printfa.o(i._snputc) refers (Special) to iusefp.o(.text) for __I$use$fp
    printfa.o(i._sputc) refers (Special) to iusefp.o(.text) for __I$use$fp
    entry2.o(.ARM.Collect$$$$00000001) refers to entry2.o(.ARM.Collect$$$$00002712) for __lit__00000000
    entry2.o(.ARM.Collect$$$$00002712) refers to startup_stm32f103xb.o(STACK) for __initial_sp
    entry2.o(__vectab_stack_and_reset_area) refers to startup_stm32f103xb.o(STACK) for __initial_sp
    entry2.o(__vectab_stack_and_reset_area) refers to entry.o(.ARM.Collect$$$$00000000) for __main
    entry5.o(.ARM.Collect$$$$00000004) refers to init.o(.text) for __scatterload
    entry9a.o(.ARM.Collect$$$$0000000B) refers to main.o(i.main) for main
    entry9b.o(.ARM.Collect$$$$0000000C) refers to main.o(i.main) for main
    fputc.o(i.fputc) refers (Special) to iusesemip.o(.text) for __I$use$semihosting$fputc
    fputc.o(i.fputc) refers (Special) to semi.o(.text) for __semihosting_library_function
    uldiv.o(.text) refers to llushr.o(.text) for __aeabi_llsr
    uldiv.o(.text) refers to llshl.o(.text) for __aeabi_llsl
    dadd.o(.text) refers to llshl.o(.text) for __aeabi_llsl
    dadd.o(.text) refers to llsshr.o(.text) for __aeabi_lasr
    dadd.o(.text) refers to depilogue.o(.text) for _double_epilogue
    dmul.o(.text) refers to depilogue.o(.text) for _double_epilogue
    ddiv.o(.text) refers to depilogue.o(.text) for _double_round
    dfixul.o(.text) refers to llushr.o(.text) for __aeabi_llsr
    dfixul.o(.text) refers to llshl.o(.text) for __aeabi_llsl
    init.o(.text) refers to entry5.o(.ARM.Collect$$$$00000004) for __main_after_scatterload
    depilogue.o(.text) refers to llshl.o(.text) for __aeabi_llsl
    depilogue.o(.text) refers to llushr.o(.text) for __aeabi_llsr


==============================================================================

Removing Unused input sections from the image.

    Removing startup_stm32f103xb.o(HEAP), (512 bytes).
    Removing main.o(.rev16_text), (4 bytes).
    Removing main.o(.revsh_text), (4 bytes).
    Removing main.o(.rrx_text), (6 bytes).
    Removing stm32f1xx_it.o(.rev16_text), (4 bytes).
    Removing stm32f1xx_it.o(.revsh_text), (4 bytes).
    Removing stm32f1xx_it.o(.rrx_text), (6 bytes).
    Removing stm32f1xx_hal_msp.o(.rev16_text), (4 bytes).
    Removing stm32f1xx_hal_msp.o(.revsh_text), (4 bytes).
    Removing stm32f1xx_hal_msp.o(.rrx_text), (6 bytes).
    Removing stm32f1xx_hal_msp.o(i.HAL_CAN_MspDeInit), (48 bytes).
    Removing stm32f1xx_hal_gpio_ex.o(.rev16_text), (4 bytes).
    Removing stm32f1xx_hal_gpio_ex.o(.revsh_text), (4 bytes).
    Removing stm32f1xx_hal_gpio_ex.o(.rrx_text), (6 bytes).
    Removing stm32f1xx_hal_gpio_ex.o(i.HAL_GPIOEx_ConfigEventout), (24 bytes).
    Removing stm32f1xx_hal_gpio_ex.o(i.HAL_GPIOEx_DisableEventout), (20 bytes).
    Removing stm32f1xx_hal_gpio_ex.o(i.HAL_GPIOEx_EnableEventout), (20 bytes).
    Removing stm32f1xx_hal_can.o(.rev16_text), (4 bytes).
    Removing stm32f1xx_hal_can.o(.revsh_text), (4 bytes).
    Removing stm32f1xx_hal_can.o(.rrx_text), (6 bytes).
    Removing stm32f1xx_hal_can.o(i.HAL_CAN_AbortTxRequest), (86 bytes).
    Removing stm32f1xx_hal_can.o(i.HAL_CAN_ActivateNotification), (42 bytes).
    Removing stm32f1xx_hal_can.o(i.HAL_CAN_DeInit), (46 bytes).
    Removing stm32f1xx_hal_can.o(i.HAL_CAN_DeactivateNotification), (42 bytes).
    Removing stm32f1xx_hal_can.o(i.HAL_CAN_ErrorCallback), (2 bytes).
    Removing stm32f1xx_hal_can.o(i.HAL_CAN_GetError), (6 bytes).
    Removing stm32f1xx_hal_can.o(i.HAL_CAN_GetState), (42 bytes).
    Removing stm32f1xx_hal_can.o(i.HAL_CAN_GetTxMailboxesFreeLevel), (54 bytes).
    Removing stm32f1xx_hal_can.o(i.HAL_CAN_GetTxTimestamp), (42 bytes).
    Removing stm32f1xx_hal_can.o(i.HAL_CAN_IRQHandler), (590 bytes).
    Removing stm32f1xx_hal_can.o(i.HAL_CAN_IsSleepActive), (30 bytes).
    Removing stm32f1xx_hal_can.o(i.HAL_CAN_IsTxMessagePending), (36 bytes).
    Removing stm32f1xx_hal_can.o(i.HAL_CAN_MspDeInit), (2 bytes).
    Removing stm32f1xx_hal_can.o(i.HAL_CAN_MspInit), (2 bytes).
    Removing stm32f1xx_hal_can.o(i.HAL_CAN_RequestSleep), (42 bytes).
    Removing stm32f1xx_hal_can.o(i.HAL_CAN_ResetError), (34 bytes).
    Removing stm32f1xx_hal_can.o(i.HAL_CAN_RxFifo0FullCallback), (2 bytes).
    Removing stm32f1xx_hal_can.o(i.HAL_CAN_RxFifo0MsgPendingCallback), (2 bytes).
    Removing stm32f1xx_hal_can.o(i.HAL_CAN_RxFifo1FullCallback), (2 bytes).
    Removing stm32f1xx_hal_can.o(i.HAL_CAN_RxFifo1MsgPendingCallback), (2 bytes).
    Removing stm32f1xx_hal_can.o(i.HAL_CAN_SleepCallback), (2 bytes).
    Removing stm32f1xx_hal_can.o(i.HAL_CAN_Stop), (106 bytes).
    Removing stm32f1xx_hal_can.o(i.HAL_CAN_TxMailbox0AbortCallback), (2 bytes).
    Removing stm32f1xx_hal_can.o(i.HAL_CAN_TxMailbox0CompleteCallback), (2 bytes).
    Removing stm32f1xx_hal_can.o(i.HAL_CAN_TxMailbox1AbortCallback), (2 bytes).
    Removing stm32f1xx_hal_can.o(i.HAL_CAN_TxMailbox1CompleteCallback), (2 bytes).
    Removing stm32f1xx_hal_can.o(i.HAL_CAN_TxMailbox2AbortCallback), (2 bytes).
    Removing stm32f1xx_hal_can.o(i.HAL_CAN_TxMailbox2CompleteCallback), (2 bytes).
    Removing stm32f1xx_hal_can.o(i.HAL_CAN_WakeUp), (92 bytes).
    Removing stm32f1xx_hal_can.o(i.HAL_CAN_WakeUpFromRxMsgCallback), (2 bytes).
    Removing stm32f1xx_hal.o(.rev16_text), (4 bytes).
    Removing stm32f1xx_hal.o(.revsh_text), (4 bytes).
    Removing stm32f1xx_hal.o(.rrx_text), (6 bytes).
    Removing stm32f1xx_hal.o(i.HAL_DBGMCU_DisableDBGSleepMode), (20 bytes).
    Removing stm32f1xx_hal.o(i.HAL_DBGMCU_DisableDBGStandbyMode), (20 bytes).
    Removing stm32f1xx_hal.o(i.HAL_DBGMCU_DisableDBGStopMode), (20 bytes).
    Removing stm32f1xx_hal.o(i.HAL_DBGMCU_EnableDBGSleepMode), (20 bytes).
    Removing stm32f1xx_hal.o(i.HAL_DBGMCU_EnableDBGStandbyMode), (20 bytes).
    Removing stm32f1xx_hal.o(i.HAL_DBGMCU_EnableDBGStopMode), (20 bytes).
    Removing stm32f1xx_hal.o(i.HAL_DeInit), (36 bytes).
    Removing stm32f1xx_hal.o(i.HAL_Delay), (40 bytes).
    Removing stm32f1xx_hal.o(i.HAL_GetDEVID), (16 bytes).
    Removing stm32f1xx_hal.o(i.HAL_GetHalVersion), (8 bytes).
    Removing stm32f1xx_hal.o(i.HAL_GetREVID), (12 bytes).
    Removing stm32f1xx_hal.o(i.HAL_GetTickFreq), (12 bytes).
    Removing stm32f1xx_hal.o(i.HAL_GetTickPrio), (12 bytes).
    Removing stm32f1xx_hal.o(i.HAL_GetUIDw0), (12 bytes).
    Removing stm32f1xx_hal.o(i.HAL_GetUIDw1), (12 bytes).
    Removing stm32f1xx_hal.o(i.HAL_GetUIDw2), (12 bytes).
    Removing stm32f1xx_hal.o(i.HAL_MspDeInit), (2 bytes).
    Removing stm32f1xx_hal.o(i.HAL_MspInit), (2 bytes).
    Removing stm32f1xx_hal.o(i.HAL_ResumeTick), (18 bytes).
    Removing stm32f1xx_hal.o(i.HAL_SetTickFreq), (48 bytes).
    Removing stm32f1xx_hal.o(i.HAL_SuspendTick), (18 bytes).
    Removing stm32f1xx_hal_rcc.o(.rev16_text), (4 bytes).
    Removing stm32f1xx_hal_rcc.o(.revsh_text), (4 bytes).
    Removing stm32f1xx_hal_rcc.o(.rrx_text), (6 bytes).
    Removing stm32f1xx_hal_rcc.o(i.HAL_RCC_CSSCallback), (2 bytes).
    Removing stm32f1xx_hal_rcc.o(i.HAL_RCC_DeInit), (272 bytes).
    Removing stm32f1xx_hal_rcc.o(i.HAL_RCC_DisableCSS), (12 bytes).
    Removing stm32f1xx_hal_rcc.o(i.HAL_RCC_EnableCSS), (12 bytes).
    Removing stm32f1xx_hal_rcc.o(i.HAL_RCC_GetClockConfig), (68 bytes).
    Removing stm32f1xx_hal_rcc.o(i.HAL_RCC_GetHCLKFreq), (12 bytes).
    Removing stm32f1xx_hal_rcc.o(i.HAL_RCC_GetOscConfig), (200 bytes).
    Removing stm32f1xx_hal_rcc.o(i.HAL_RCC_GetPCLK1Freq), (32 bytes).
    Removing stm32f1xx_hal_rcc.o(i.HAL_RCC_GetPCLK2Freq), (32 bytes).
    Removing stm32f1xx_hal_rcc.o(i.HAL_RCC_MCOConfig), (100 bytes).
    Removing stm32f1xx_hal_rcc.o(i.HAL_RCC_NMI_IRQHandler), (32 bytes).
    Removing stm32f1xx_hal_rcc_ex.o(.rev16_text), (4 bytes).
    Removing stm32f1xx_hal_rcc_ex.o(.revsh_text), (4 bytes).
    Removing stm32f1xx_hal_rcc_ex.o(.rrx_text), (6 bytes).
    Removing stm32f1xx_hal_rcc_ex.o(i.HAL_RCCEx_GetPeriphCLKConfig), (60 bytes).
    Removing stm32f1xx_hal_rcc_ex.o(i.HAL_RCCEx_GetPeriphCLKFreq), (252 bytes).
    Removing stm32f1xx_hal_rcc_ex.o(i.HAL_RCCEx_PeriphCLKConfig), (304 bytes).
    Removing stm32f1xx_hal_rcc_ex.o(.constdata), (18 bytes).
    Removing stm32f1xx_hal_gpio.o(.rev16_text), (4 bytes).
    Removing stm32f1xx_hal_gpio.o(.revsh_text), (4 bytes).
    Removing stm32f1xx_hal_gpio.o(.rrx_text), (6 bytes).
    Removing stm32f1xx_hal_gpio.o(i.HAL_GPIO_DeInit), (308 bytes).
    Removing stm32f1xx_hal_gpio.o(i.HAL_GPIO_EXTI_Callback), (2 bytes).
    Removing stm32f1xx_hal_gpio.o(i.HAL_GPIO_EXTI_IRQHandler), (28 bytes).
    Removing stm32f1xx_hal_gpio.o(i.HAL_GPIO_LockPin), (46 bytes).
    Removing stm32f1xx_hal_gpio.o(i.HAL_GPIO_TogglePin), (20 bytes).
    Removing stm32f1xx_hal_dma.o(.rev16_text), (4 bytes).
    Removing stm32f1xx_hal_dma.o(.revsh_text), (4 bytes).
    Removing stm32f1xx_hal_dma.o(.rrx_text), (6 bytes).
    Removing stm32f1xx_hal_dma.o(i.DMA_SetConfig), (44 bytes).
    Removing stm32f1xx_hal_dma.o(i.HAL_DMA_Abort), (86 bytes).
    Removing stm32f1xx_hal_dma.o(i.HAL_DMA_Abort_IT), (176 bytes).
    Removing stm32f1xx_hal_dma.o(i.HAL_DMA_DeInit), (104 bytes).
    Removing stm32f1xx_hal_dma.o(i.HAL_DMA_GetError), (6 bytes).
    Removing stm32f1xx_hal_dma.o(i.HAL_DMA_GetState), (8 bytes).
    Removing stm32f1xx_hal_dma.o(i.HAL_DMA_IRQHandler), (412 bytes).
    Removing stm32f1xx_hal_dma.o(i.HAL_DMA_Init), (104 bytes).
    Removing stm32f1xx_hal_dma.o(i.HAL_DMA_PollForTransfer), (692 bytes).
    Removing stm32f1xx_hal_dma.o(i.HAL_DMA_RegisterCallback), (90 bytes).
    Removing stm32f1xx_hal_dma.o(i.HAL_DMA_Start), (114 bytes).
    Removing stm32f1xx_hal_dma.o(i.HAL_DMA_Start_IT), (156 bytes).
    Removing stm32f1xx_hal_dma.o(i.HAL_DMA_UnRegisterCallback), (106 bytes).
    Removing stm32f1xx_hal_cortex.o(.rev16_text), (4 bytes).
    Removing stm32f1xx_hal_cortex.o(.revsh_text), (4 bytes).
    Removing stm32f1xx_hal_cortex.o(.rrx_text), (6 bytes).
    Removing stm32f1xx_hal_cortex.o(i.HAL_NVIC_ClearPendingIRQ), (36 bytes).
    Removing stm32f1xx_hal_cortex.o(i.HAL_NVIC_DisableIRQ), (68 bytes).
    Removing stm32f1xx_hal_cortex.o(i.HAL_NVIC_EnableIRQ), (32 bytes).
    Removing stm32f1xx_hal_cortex.o(i.HAL_NVIC_GetActive), (48 bytes).
    Removing stm32f1xx_hal_cortex.o(i.HAL_NVIC_GetPendingIRQ), (48 bytes).
    Removing stm32f1xx_hal_cortex.o(i.HAL_NVIC_GetPriority), (148 bytes).
    Removing stm32f1xx_hal_cortex.o(i.HAL_NVIC_GetPriorityGrouping), (8 bytes).
    Removing stm32f1xx_hal_cortex.o(i.HAL_NVIC_SetPendingIRQ), (36 bytes).
    Removing stm32f1xx_hal_cortex.o(i.HAL_NVIC_SystemReset), (68 bytes).
    Removing stm32f1xx_hal_cortex.o(i.HAL_SYSTICK_CLKSourceConfig), (40 bytes).
    Removing stm32f1xx_hal_cortex.o(i.HAL_SYSTICK_Callback), (2 bytes).
    Removing stm32f1xx_hal_cortex.o(i.HAL_SYSTICK_IRQHandler), (8 bytes).
    Removing stm32f1xx_hal_pwr.o(.rev16_text), (4 bytes).
    Removing stm32f1xx_hal_pwr.o(.revsh_text), (4 bytes).
    Removing stm32f1xx_hal_pwr.o(.rrx_text), (6 bytes).
    Removing stm32f1xx_hal_pwr.o(i.HAL_PWR_ConfigPVD), (180 bytes).
    Removing stm32f1xx_hal_pwr.o(i.HAL_PWR_DeInit), (28 bytes).
    Removing stm32f1xx_hal_pwr.o(i.HAL_PWR_DisableBkUpAccess), (12 bytes).
    Removing stm32f1xx_hal_pwr.o(i.HAL_PWR_DisablePVD), (12 bytes).
    Removing stm32f1xx_hal_pwr.o(i.HAL_PWR_DisableSEVOnPend), (20 bytes).
    Removing stm32f1xx_hal_pwr.o(i.HAL_PWR_DisableSleepOnExit), (20 bytes).
    Removing stm32f1xx_hal_pwr.o(i.HAL_PWR_DisableWakeUpPin), (28 bytes).
    Removing stm32f1xx_hal_pwr.o(i.HAL_PWR_EnableBkUpAccess), (12 bytes).
    Removing stm32f1xx_hal_pwr.o(i.HAL_PWR_EnablePVD), (12 bytes).
    Removing stm32f1xx_hal_pwr.o(i.HAL_PWR_EnableSEVOnPend), (20 bytes).
    Removing stm32f1xx_hal_pwr.o(i.HAL_PWR_EnableSleepOnExit), (20 bytes).
    Removing stm32f1xx_hal_pwr.o(i.HAL_PWR_EnableWakeUpPin), (28 bytes).
    Removing stm32f1xx_hal_pwr.o(i.HAL_PWR_EnterSLEEPMode), (32 bytes).
    Removing stm32f1xx_hal_pwr.o(i.HAL_PWR_EnterSTANDBYMode), (40 bytes).
    Removing stm32f1xx_hal_pwr.o(i.HAL_PWR_EnterSTOPMode), (84 bytes).
    Removing stm32f1xx_hal_pwr.o(i.HAL_PWR_PVDCallback), (2 bytes).
    Removing stm32f1xx_hal_pwr.o(i.HAL_PWR_PVD_IRQHandler), (32 bytes).
    Removing stm32f1xx_hal_pwr.o(i.PWR_OverloadWfe), (6 bytes).
    Removing stm32f1xx_hal_flash.o(.rev16_text), (4 bytes).
    Removing stm32f1xx_hal_flash.o(.revsh_text), (4 bytes).
    Removing stm32f1xx_hal_flash.o(.rrx_text), (6 bytes).
    Removing stm32f1xx_hal_flash.o(i.FLASH_Program_HalfWord), (32 bytes).
    Removing stm32f1xx_hal_flash.o(i.FLASH_SetErrorCode), (132 bytes).
    Removing stm32f1xx_hal_flash.o(i.FLASH_WaitForLastOperation), (112 bytes).
    Removing stm32f1xx_hal_flash.o(i.HAL_FLASH_EndOfOperationCallback), (2 bytes).
    Removing stm32f1xx_hal_flash.o(i.HAL_FLASH_GetError), (12 bytes).
    Removing stm32f1xx_hal_flash.o(i.HAL_FLASH_IRQHandler), (376 bytes).
    Removing stm32f1xx_hal_flash.o(i.HAL_FLASH_Lock), (20 bytes).
    Removing stm32f1xx_hal_flash.o(i.HAL_FLASH_OB_Launch), (8 bytes).
    Removing stm32f1xx_hal_flash.o(i.HAL_FLASH_OB_Lock), (20 bytes).
    Removing stm32f1xx_hal_flash.o(i.HAL_FLASH_OB_Unlock), (44 bytes).
    Removing stm32f1xx_hal_flash.o(i.HAL_FLASH_OperationErrorCallback), (2 bytes).
    Removing stm32f1xx_hal_flash.o(i.HAL_FLASH_Program), (176 bytes).
    Removing stm32f1xx_hal_flash.o(i.HAL_FLASH_Program_IT), (100 bytes).
    Removing stm32f1xx_hal_flash.o(i.HAL_FLASH_Unlock), (48 bytes).
    Removing stm32f1xx_hal_flash.o(.bss), (32 bytes).
    Removing stm32f1xx_hal_flash_ex.o(.rev16_text), (4 bytes).
    Removing stm32f1xx_hal_flash_ex.o(.revsh_text), (4 bytes).
    Removing stm32f1xx_hal_flash_ex.o(.rrx_text), (6 bytes).
    Removing stm32f1xx_hal_flash_ex.o(i.FLASH_MassErase), (40 bytes).
    Removing stm32f1xx_hal_flash_ex.o(i.FLASH_OB_DisableWRP), (232 bytes).
    Removing stm32f1xx_hal_flash_ex.o(i.FLASH_OB_EnableWRP), (236 bytes).
    Removing stm32f1xx_hal_flash_ex.o(i.FLASH_OB_GetRDP), (28 bytes).
    Removing stm32f1xx_hal_flash_ex.o(i.FLASH_OB_GetUser), (16 bytes).
    Removing stm32f1xx_hal_flash_ex.o(i.FLASH_OB_GetWRP), (12 bytes).
    Removing stm32f1xx_hal_flash_ex.o(i.FLASH_OB_ProgramData), (76 bytes).
    Removing stm32f1xx_hal_flash_ex.o(i.FLASH_OB_RDP_LevelConfig), (124 bytes).
    Removing stm32f1xx_hal_flash_ex.o(i.FLASH_OB_UserConfig), (84 bytes).
    Removing stm32f1xx_hal_flash_ex.o(i.FLASH_PageErase), (40 bytes).
    Removing stm32f1xx_hal_flash_ex.o(i.HAL_FLASHEx_Erase), (176 bytes).
    Removing stm32f1xx_hal_flash_ex.o(i.HAL_FLASHEx_Erase_IT), (80 bytes).
    Removing stm32f1xx_hal_flash_ex.o(i.HAL_FLASHEx_OBErase), (96 bytes).
    Removing stm32f1xx_hal_flash_ex.o(i.HAL_FLASHEx_OBGetConfig), (28 bytes).
    Removing stm32f1xx_hal_flash_ex.o(i.HAL_FLASHEx_OBGetUserData), (40 bytes).
    Removing stm32f1xx_hal_flash_ex.o(i.HAL_FLASHEx_OBProgram), (200 bytes).
    Removing stm32f1xx_hal_exti.o(.rev16_text), (4 bytes).
    Removing stm32f1xx_hal_exti.o(.revsh_text), (4 bytes).
    Removing stm32f1xx_hal_exti.o(.rrx_text), (6 bytes).
    Removing stm32f1xx_hal_exti.o(i.HAL_EXTI_ClearConfigLine), (120 bytes).
    Removing stm32f1xx_hal_exti.o(i.HAL_EXTI_ClearPending), (28 bytes).
    Removing stm32f1xx_hal_exti.o(i.HAL_EXTI_GenerateSWI), (24 bytes).
    Removing stm32f1xx_hal_exti.o(i.HAL_EXTI_GetConfigLine), (156 bytes).
    Removing stm32f1xx_hal_exti.o(i.HAL_EXTI_GetHandle), (14 bytes).
    Removing stm32f1xx_hal_exti.o(i.HAL_EXTI_GetPending), (36 bytes).
    Removing stm32f1xx_hal_exti.o(i.HAL_EXTI_IRQHandler), (44 bytes).
    Removing stm32f1xx_hal_exti.o(i.HAL_EXTI_RegisterCallback), (20 bytes).
    Removing stm32f1xx_hal_exti.o(i.HAL_EXTI_SetConfigLine), (240 bytes).
    Removing system_stm32f1xx.o(.rev16_text), (4 bytes).
    Removing system_stm32f1xx.o(.revsh_text), (4 bytes).
    Removing system_stm32f1xx.o(.rrx_text), (6 bytes).
    Removing system_stm32f1xx.o(i.SystemCoreClockUpdate), (164 bytes).
    Removing task.o(.rev16_text), (4 bytes).
    Removing task.o(.revsh_text), (4 bytes).
    Removing task.o(.rrx_text), (6 bytes).
    Removing oled_device.o(.rev16_text), (4 bytes).
    Removing oled_device.o(.revsh_text), (4 bytes).
    Removing oled_device.o(.rrx_text), (6 bytes).
    Removing oled_device.o(i.c_pstGetOledDeviceParam), (20 bytes).
    Removing oled_device.o(i.vOledClearOnePointToBuffer), (68 bytes).
    Removing oled_device.o(i.vOledDeviceRunningParamInit), (36 bytes).
    Removing oled_device.o(i.vOledDrawArrow), (64 bytes).
    Removing oled_device.o(i.vOledDrawOnePointToBuffer), (68 bytes).
    Removing oled_device.o(i.vOledDrawRectangle), (204 bytes).
    Removing can.o(.rev16_text), (4 bytes).
    Removing can.o(.revsh_text), (4 bytes).
    Removing can.o(.rrx_text), (6 bytes).
    Removing botton.o(.rev16_text), (4 bytes).
    Removing botton.o(.revsh_text), (4 bytes).
    Removing botton.o(.rrx_text), (6 bytes).
    Removing botton.o(i.c_pstGetBtnRunningParam), (20 bytes).
    Removing button_mid.o(.rev16_text), (4 bytes).
    Removing button_mid.o(.revsh_text), (4 bytes).
    Removing button_mid.o(.rrx_text), (6 bytes).
    Removing dadd.o(.text), (334 bytes).
    Removing dmul.o(.text), (228 bytes).
    Removing ddiv.o(.text), (222 bytes).
    Removing dfixul.o(.text), (48 bytes).
    Removing cdrcmple.o(.text), (48 bytes).
    Removing depilogue.o(.text), (186 bytes).

236 unused section(s) (total 12674 bytes) removed from the image.

==============================================================================

Image Symbol Table

    Local Symbols

    Symbol Name                              Value     Ov Type        Size  Object(Section)

    ../Core/Src/main.c                       0x00000000   Number         0  main.o ABSOLUTE
    ../Core/Src/stm32f1xx_hal_msp.c          0x00000000   Number         0  stm32f1xx_hal_msp.o ABSOLUTE
    ../Core/Src/stm32f1xx_it.c               0x00000000   Number         0  stm32f1xx_it.o ABSOLUTE
    ../Core/Src/system_stm32f1xx.c           0x00000000   Number         0  system_stm32f1xx.o ABSOLUTE
    ../Drivers/STM32F1xx_HAL_Driver/Src/stm32f1xx_hal.c 0x00000000   Number         0  stm32f1xx_hal.o ABSOLUTE
    ../Drivers/STM32F1xx_HAL_Driver/Src/stm32f1xx_hal_can.c 0x00000000   Number         0  stm32f1xx_hal_can.o ABSOLUTE
    ../Drivers/STM32F1xx_HAL_Driver/Src/stm32f1xx_hal_cortex.c 0x00000000   Number         0  stm32f1xx_hal_cortex.o ABSOLUTE
    ../Drivers/STM32F1xx_HAL_Driver/Src/stm32f1xx_hal_dma.c 0x00000000   Number         0  stm32f1xx_hal_dma.o ABSOLUTE
    ../Drivers/STM32F1xx_HAL_Driver/Src/stm32f1xx_hal_exti.c 0x00000000   Number         0  stm32f1xx_hal_exti.o ABSOLUTE
    ../Drivers/STM32F1xx_HAL_Driver/Src/stm32f1xx_hal_flash.c 0x00000000   Number         0  stm32f1xx_hal_flash.o ABSOLUTE
    ../Drivers/STM32F1xx_HAL_Driver/Src/stm32f1xx_hal_flash_ex.c 0x00000000   Number         0  stm32f1xx_hal_flash_ex.o ABSOLUTE
    ../Drivers/STM32F1xx_HAL_Driver/Src/stm32f1xx_hal_gpio.c 0x00000000   Number         0  stm32f1xx_hal_gpio.o ABSOLUTE
    ../Drivers/STM32F1xx_HAL_Driver/Src/stm32f1xx_hal_gpio_ex.c 0x00000000   Number         0  stm32f1xx_hal_gpio_ex.o ABSOLUTE
    ../Drivers/STM32F1xx_HAL_Driver/Src/stm32f1xx_hal_pwr.c 0x00000000   Number         0  stm32f1xx_hal_pwr.o ABSOLUTE
    ../Drivers/STM32F1xx_HAL_Driver/Src/stm32f1xx_hal_rcc.c 0x00000000   Number         0  stm32f1xx_hal_rcc.o ABSOLUTE
    ../Drivers/STM32F1xx_HAL_Driver/Src/stm32f1xx_hal_rcc_ex.c 0x00000000   Number         0  stm32f1xx_hal_rcc_ex.o ABSOLUTE
    ../clib/microlib/division.c              0x00000000   Number         0  uldiv.o ABSOLUTE
    ../clib/microlib/division.c              0x00000000   Number         0  uidiv.o ABSOLUTE
    ../clib/microlib/init/entry.s            0x00000000   Number         0  entry7b.o ABSOLUTE
    ../clib/microlib/init/entry.s            0x00000000   Number         0  entry9b.o ABSOLUTE
    ../clib/microlib/init/entry.s            0x00000000   Number         0  entry9a.o ABSOLUTE
    ../clib/microlib/init/entry.s            0x00000000   Number         0  entry10a.o ABSOLUTE
    ../clib/microlib/init/entry.s            0x00000000   Number         0  entry8a.o ABSOLUTE
    ../clib/microlib/init/entry.s            0x00000000   Number         0  entry5.o ABSOLUTE
    ../clib/microlib/init/entry.s            0x00000000   Number         0  entry2.o ABSOLUTE
    ../clib/microlib/init/entry.s            0x00000000   Number         0  entry10b.o ABSOLUTE
    ../clib/microlib/init/entry.s            0x00000000   Number         0  entry11b.o ABSOLUTE
    ../clib/microlib/init/entry.s            0x00000000   Number         0  entry11a.o ABSOLUTE
    ../clib/microlib/init/entry.s            0x00000000   Number         0  entry7a.o ABSOLUTE
    ../clib/microlib/init/entry.s            0x00000000   Number         0  entry.o ABSOLUTE
    ../clib/microlib/init/entry.s            0x00000000   Number         0  entry8b.o ABSOLUTE
    ../clib/microlib/longlong.c              0x00000000   Number         0  llushr.o ABSOLUTE
    ../clib/microlib/longlong.c              0x00000000   Number         0  llsshr.o ABSOLUTE
    ../clib/microlib/longlong.c              0x00000000   Number         0  llshl.o ABSOLUTE
    ../clib/microlib/printf/printf.c         0x00000000   Number         0  printf2.o ABSOLUTE
    ../clib/microlib/printf/printf.c         0x00000000   Number         0  printf4.o ABSOLUTE
    ../clib/microlib/printf/printf.c         0x00000000   Number         0  printf7.o ABSOLUTE
    ../clib/microlib/printf/printf.c         0x00000000   Number         0  printf3.o ABSOLUTE
    ../clib/microlib/printf/printf.c         0x00000000   Number         0  printf8.o ABSOLUTE
    ../clib/microlib/printf/printf.c         0x00000000   Number         0  printf1.o ABSOLUTE
    ../clib/microlib/printf/printf.c         0x00000000   Number         0  printf0.o ABSOLUTE
    ../clib/microlib/printf/printf.c         0x00000000   Number         0  printf6.o ABSOLUTE
    ../clib/microlib/printf/printf.c         0x00000000   Number         0  printfa.o ABSOLUTE
    ../clib/microlib/printf/printf.c         0x00000000   Number         0  printfb.o ABSOLUTE
    ../clib/microlib/printf/printf.c         0x00000000   Number         0  printf5.o ABSOLUTE
    ../clib/microlib/printf/stubs.s          0x00000000   Number         0  stubs.o ABSOLUTE
    ../clib/microlib/stdio/fputc.c           0x00000000   Number         0  fputc.o ABSOLUTE
    ../clib/microlib/stdio/semi.s            0x00000000   Number         0  semi.o ABSOLUTE
    ../clib/microlib/stdio/streams.c         0x00000000   Number         0  stdout.o ABSOLUTE
    ../clib/microlib/string/memcpy.c         0x00000000   Number         0  memcpyb.o ABSOLUTE
    ../clib/microlib/string/memcpy.c         0x00000000   Number         0  memcpya.o ABSOLUTE
    ../clib/microlib/string/memset.c         0x00000000   Number         0  memseta.o ABSOLUTE
    ../clib/microlib/string/strlen.c         0x00000000   Number         0  strlen.o ABSOLUTE
    ../clib/microlib/stubs.s                 0x00000000   Number         0  iusefp.o ABSOLUTE
    ../clib/microlib/stubs.s                 0x00000000   Number         0  iusesemip.o ABSOLUTE
    ../fplib/microlib/fpadd.c                0x00000000   Number         0  dadd.o ABSOLUTE
    ../fplib/microlib/fpdiv.c                0x00000000   Number         0  ddiv.o ABSOLUTE
    ../fplib/microlib/fpepilogue.c           0x00000000   Number         0  depilogue.o ABSOLUTE
    ../fplib/microlib/fpfix.c                0x00000000   Number         0  dfixul.o ABSOLUTE
    ../fplib/microlib/fpmul.c                0x00000000   Number         0  dmul.o ABSOLUTE
    ..\Core\Src\main.c                       0x00000000   Number         0  main.o ABSOLUTE
    ..\Core\Src\stm32f1xx_hal_msp.c          0x00000000   Number         0  stm32f1xx_hal_msp.o ABSOLUTE
    ..\Core\Src\stm32f1xx_it.c               0x00000000   Number         0  stm32f1xx_it.o ABSOLUTE
    ..\Core\Src\system_stm32f1xx.c           0x00000000   Number         0  system_stm32f1xx.o ABSOLUTE
    ..\Drivers\STM32F1xx_HAL_Driver\Src\stm32f1xx_hal.c 0x00000000   Number         0  stm32f1xx_hal.o ABSOLUTE
    ..\Drivers\STM32F1xx_HAL_Driver\Src\stm32f1xx_hal_can.c 0x00000000   Number         0  stm32f1xx_hal_can.o ABSOLUTE
    ..\Drivers\STM32F1xx_HAL_Driver\Src\stm32f1xx_hal_cortex.c 0x00000000   Number         0  stm32f1xx_hal_cortex.o ABSOLUTE
    ..\Drivers\STM32F1xx_HAL_Driver\Src\stm32f1xx_hal_dma.c 0x00000000   Number         0  stm32f1xx_hal_dma.o ABSOLUTE
    ..\Drivers\STM32F1xx_HAL_Driver\Src\stm32f1xx_hal_exti.c 0x00000000   Number         0  stm32f1xx_hal_exti.o ABSOLUTE
    ..\Drivers\STM32F1xx_HAL_Driver\Src\stm32f1xx_hal_flash.c 0x00000000   Number         0  stm32f1xx_hal_flash.o ABSOLUTE
    ..\Drivers\STM32F1xx_HAL_Driver\Src\stm32f1xx_hal_flash_ex.c 0x00000000   Number         0  stm32f1xx_hal_flash_ex.o ABSOLUTE
    ..\Drivers\STM32F1xx_HAL_Driver\Src\stm32f1xx_hal_gpio.c 0x00000000   Number         0  stm32f1xx_hal_gpio.o ABSOLUTE
    ..\Drivers\STM32F1xx_HAL_Driver\Src\stm32f1xx_hal_gpio_ex.c 0x00000000   Number         0  stm32f1xx_hal_gpio_ex.o ABSOLUTE
    ..\Drivers\STM32F1xx_HAL_Driver\Src\stm32f1xx_hal_pwr.c 0x00000000   Number         0  stm32f1xx_hal_pwr.o ABSOLUTE
    ..\Drivers\STM32F1xx_HAL_Driver\Src\stm32f1xx_hal_rcc.c 0x00000000   Number         0  stm32f1xx_hal_rcc.o ABSOLUTE
    ..\Drivers\STM32F1xx_HAL_Driver\Src\stm32f1xx_hal_rcc_ex.c 0x00000000   Number         0  stm32f1xx_hal_rcc_ex.o ABSOLUTE
    ..\User\APP\task.c                       0x00000000   Number         0  task.o ABSOLUTE
    ..\User\Device\botton.c                  0x00000000   Number         0  botton.o ABSOLUTE
    ..\User\Device\can.c                     0x00000000   Number         0  can.o ABSOLUTE
    ..\User\Device\oled_device.c             0x00000000   Number         0  oled_device.o ABSOLUTE
    ..\User\Device\oled_font.c               0x00000000   Number         0  oled_font.o ABSOLUTE
    ..\User\Middle\button_mid.c              0x00000000   Number         0  button_mid.o ABSOLUTE
    ..\\User\\APP\\task.c                    0x00000000   Number         0  task.o ABSOLUTE
    ..\\User\\Device\\botton.c               0x00000000   Number         0  botton.o ABSOLUTE
    ..\\User\\Device\\can.c                  0x00000000   Number         0  can.o ABSOLUTE
    ..\\User\\Device\\oled_device.c          0x00000000   Number         0  oled_device.o ABSOLUTE
    ..\\User\\Middle\\button_mid.c           0x00000000   Number         0  button_mid.o ABSOLUTE
    cdrcmple.s                               0x00000000   Number         0  cdrcmple.o ABSOLUTE
    dc.s                                     0x00000000   Number         0  dc.o ABSOLUTE
    handlers.s                               0x00000000   Number         0  handlers.o ABSOLUTE
    init.s                                   0x00000000   Number         0  init.o ABSOLUTE
    startup_stm32f103xb.s                    0x00000000   Number         0  startup_stm32f103xb.o ABSOLUTE
    RESET                                    0x08000000   Section      236  startup_stm32f103xb.o(RESET)
    .ARM.Collect$$$$00000000                 0x080000ec   Section        0  entry.o(.ARM.Collect$$$$00000000)
    .ARM.Collect$$$$00000001                 0x080000ec   Section        4  entry2.o(.ARM.Collect$$$$00000001)
    .ARM.Collect$$$$00000004                 0x080000f0   Section        4  entry5.o(.ARM.Collect$$$$00000004)
    .ARM.Collect$$$$00000008                 0x080000f4   Section        0  entry7b.o(.ARM.Collect$$$$00000008)
    .ARM.Collect$$$$0000000A                 0x080000f4   Section        0  entry8b.o(.ARM.Collect$$$$0000000A)
    .ARM.Collect$$$$0000000B                 0x080000f4   Section        8  entry9a.o(.ARM.Collect$$$$0000000B)
    .ARM.Collect$$$$0000000D                 0x080000fc   Section        0  entry10a.o(.ARM.Collect$$$$0000000D)
    .ARM.Collect$$$$0000000F                 0x080000fc   Section        0  entry11a.o(.ARM.Collect$$$$0000000F)
    .ARM.Collect$$$$00002712                 0x080000fc   Section        4  entry2.o(.ARM.Collect$$$$00002712)
    __lit__00000000                          0x080000fc   Data           4  entry2.o(.ARM.Collect$$$$00002712)
    .text                                    0x08000100   Section       36  startup_stm32f103xb.o(.text)
    .text                                    0x08000124   Section        0  llushr.o(.text)
    .text                                    0x08000144   Section        0  memcpya.o(.text)
    .text                                    0x08000168   Section        0  memseta.o(.text)
    .text                                    0x0800018c   Section        0  uldiv.o(.text)
    .text                                    0x080001f0   Section       36  init.o(.text)
    .text                                    0x08000214   Section        0  llshl.o(.text)
    i.BusFault_Handler                       0x08000232   Section        0  stm32f1xx_it.o(i.BusFault_Handler)
    i.Button_Init                            0x08000238   Section        0  task.o(i.Button_Init)
    i.DebugMon_Handler                       0x080002e0   Section        0  stm32f1xx_it.o(i.DebugMon_Handler)
    i.Error_Handler                          0x080002e2   Section        0  main.o(i.Error_Handler)
    i.HAL_CAN_AddTxMessage                   0x080002e8   Section        0  stm32f1xx_hal_can.o(i.HAL_CAN_AddTxMessage)
    i.HAL_CAN_ConfigFilter                   0x08000432   Section        0  stm32f1xx_hal_can.o(i.HAL_CAN_ConfigFilter)
    i.HAL_CAN_GetRxFifoFillLevel             0x0800053c   Section        0  stm32f1xx_hal_can.o(i.HAL_CAN_GetRxFifoFillLevel)
    i.HAL_CAN_GetRxMessage                   0x08000564   Section        0  stm32f1xx_hal_can.o(i.HAL_CAN_GetRxMessage)
    i.HAL_CAN_Init                           0x080006f8   Section        0  stm32f1xx_hal_can.o(i.HAL_CAN_Init)
    i.HAL_CAN_MspInit                        0x0800086c   Section        0  stm32f1xx_hal_msp.o(i.HAL_CAN_MspInit)
    i.HAL_CAN_Start                          0x080008f4   Section        0  stm32f1xx_hal_can.o(i.HAL_CAN_Start)
    i.HAL_GPIO_Init                          0x08000954   Section        0  stm32f1xx_hal_gpio.o(i.HAL_GPIO_Init)
    i.HAL_GPIO_ReadPin                       0x08000c74   Section        0  stm32f1xx_hal_gpio.o(i.HAL_GPIO_ReadPin)
    i.HAL_GPIO_WritePin                      0x08000c84   Section        0  stm32f1xx_hal_gpio.o(i.HAL_GPIO_WritePin)
    i.HAL_GetTick                            0x08000c90   Section        0  stm32f1xx_hal.o(i.HAL_GetTick)
    i.HAL_IncTick                            0x08000c9c   Section        0  stm32f1xx_hal.o(i.HAL_IncTick)
    i.HAL_Init                               0x08000cb4   Section        0  stm32f1xx_hal.o(i.HAL_Init)
    i.HAL_InitTick                           0x08000cdc   Section        0  stm32f1xx_hal.o(i.HAL_InitTick)
    i.HAL_MspInit                            0x08000d28   Section        0  stm32f1xx_hal_msp.o(i.HAL_MspInit)
    i.HAL_NVIC_SetPriority                   0x08000d7c   Section        0  stm32f1xx_hal_cortex.o(i.HAL_NVIC_SetPriority)
    i.HAL_NVIC_SetPriorityGrouping           0x08000df8   Section        0  stm32f1xx_hal_cortex.o(i.HAL_NVIC_SetPriorityGrouping)
    i.HAL_RCC_ClockConfig                    0x08000e20   Section        0  stm32f1xx_hal_rcc.o(i.HAL_RCC_ClockConfig)
    i.HAL_RCC_GetSysClockFreq                0x08000fac   Section        0  stm32f1xx_hal_rcc.o(i.HAL_RCC_GetSysClockFreq)
    i.HAL_RCC_OscConfig                      0x0800101c   Section        0  stm32f1xx_hal_rcc.o(i.HAL_RCC_OscConfig)
    i.HAL_SYSTICK_Config                     0x08001480   Section        0  stm32f1xx_hal_cortex.o(i.HAL_SYSTICK_Config)
    i.HardFault_Handler                      0x080014b4   Section        0  stm32f1xx_it.o(i.HardFault_Handler)
    i.MX_CAN_Init                            0x080014b8   Section        0  main.o(i.MX_CAN_Init)
    MX_CAN_Init                              0x080014b9   Thumb Code    62  main.o(i.MX_CAN_Init)
    i.MX_GPIO_Init                           0x08001500   Section        0  main.o(i.MX_GPIO_Init)
    MX_GPIO_Init                             0x08001501   Thumb Code   158  main.o(i.MX_GPIO_Init)
    i.MemManage_Handler                      0x080015a8   Section        0  stm32f1xx_it.o(i.MemManage_Handler)
    i.NMI_Handler                            0x080015ac   Section        0  stm32f1xx_it.o(i.NMI_Handler)
    i.PendSV_Handler                         0x080015b0   Section        0  stm32f1xx_it.o(i.PendSV_Handler)
    i.RCC_Delay                              0x080015b4   Section        0  stm32f1xx_hal_rcc.o(i.RCC_Delay)
    RCC_Delay                                0x080015b5   Thumb Code    36  stm32f1xx_hal_rcc.o(i.RCC_Delay)
    i.SVC_Handler                            0x080015dc   Section        0  stm32f1xx_it.o(i.SVC_Handler)
    i.SysTick_Handler                        0x080015de   Section        0  stm32f1xx_it.o(i.SysTick_Handler)
    i.SystemClock_Config                     0x080015e6   Section        0  main.o(i.SystemClock_Config)
    i.SystemInit                             0x0800164c   Section        0  system_stm32f1xx.o(i.SystemInit)
    i.UsageFault_Handler                     0x0800164e   Section        0  stm32f1xx_it.o(i.UsageFault_Handler)
    i.__0snprintf$8                          0x08001654   Section        0  printf8.o(i.__0snprintf$8)
    i.__NVIC_GetPriorityGrouping             0x08001684   Section        0  stm32f1xx_hal_cortex.o(i.__NVIC_GetPriorityGrouping)
    __NVIC_GetPriorityGrouping               0x08001685   Thumb Code    10  stm32f1xx_hal_cortex.o(i.__NVIC_GetPriorityGrouping)
    i.__NVIC_SetPriority                     0x08001694   Section        0  stm32f1xx_hal_cortex.o(i.__NVIC_SetPriority)
    __NVIC_SetPriority                       0x08001695   Thumb Code    32  stm32f1xx_hal_cortex.o(i.__NVIC_SetPriority)
    i.__scatterload_copy                     0x080016bc   Section       14  handlers.o(i.__scatterload_copy)
    i.__scatterload_null                     0x080016ca   Section        2  handlers.o(i.__scatterload_null)
    i.__scatterload_zeroinit                 0x080016cc   Section       14  handlers.o(i.__scatterload_zeroinit)
    i._printf_core                           0x080016dc   Section        0  printf8.o(i._printf_core)
    _printf_core                             0x080016dd   Thumb Code   996  printf8.o(i._printf_core)
    i._printf_post_padding                   0x08001aec   Section        0  printf8.o(i._printf_post_padding)
    _printf_post_padding                     0x08001aed   Thumb Code    36  printf8.o(i._printf_post_padding)
    i._printf_pre_padding                    0x08001b10   Section        0  printf8.o(i._printf_pre_padding)
    _printf_pre_padding                      0x08001b11   Thumb Code    46  printf8.o(i._printf_pre_padding)
    i._snputc                                0x08001b3e   Section        0  printf8.o(i._snputc)
    _snputc                                  0x08001b3f   Thumb Code    22  printf8.o(i._snputc)
    i.emBtnGetCurEvent                       0x08001b54   Section        0  botton.o(i.emBtnGetCurEvent)
    i.emBtnGetCurStatus                      0x08001b68   Section        0  botton.o(i.emBtnGetCurStatus)
    i.emBtnGetLastStatus                     0x08001b7c   Section        0  botton.o(i.emBtnGetLastStatus)
    i.main                                   0x08001b90   Section        0  main.o(i.main)
    i.s_vBtnStaticParamCopy                  0x08001bb4   Section        0  botton.o(i.s_vBtnStaticParamCopy)
    s_vBtnStaticParamCopy                    0x08001bb5   Thumb Code    26  botton.o(i.s_vBtnStaticParamCopy)
    i.s_vOledIicSendByte                     0x08001bd4   Section        0  oled_device.o(i.s_vOledIicSendByte)
    s_vOledIicSendByte                       0x08001bd5   Thumb Code    62  oled_device.o(i.s_vOledIicSendByte)
    i.s_vOledIicStart                        0x08001c12   Section        0  oled_device.o(i.s_vOledIicStart)
    s_vOledIicStart                          0x08001c13   Thumb Code    30  oled_device.o(i.s_vOledIicStart)
    i.s_vOledIicStop                         0x08001c30   Section        0  oled_device.o(i.s_vOledIicStop)
    s_vOledIicStop                           0x08001c31   Thumb Code    24  oled_device.o(i.s_vOledIicStop)
    i.s_vOledIicWaitAck                      0x08001c48   Section        0  oled_device.o(i.s_vOledIicWaitAck)
    s_vOledIicWaitAck                        0x08001c49   Thumb Code    18  oled_device.o(i.s_vOledIicWaitAck)
    i.s_vOledSclReset                        0x08001c5c   Section        0  oled_device.o(i.s_vOledSclReset)
    s_vOledSclReset                          0x08001c5d   Thumb Code    32  oled_device.o(i.s_vOledSclReset)
    i.s_vOledSclSet                          0x08001c80   Section        0  oled_device.o(i.s_vOledSclSet)
    s_vOledSclSet                            0x08001c81   Thumb Code    30  oled_device.o(i.s_vOledSclSet)
    i.s_vOledSdaReset                        0x08001ca4   Section        0  oled_device.o(i.s_vOledSdaReset)
    s_vOledSdaReset                          0x08001ca5   Thumb Code    32  oled_device.o(i.s_vOledSdaReset)
    i.s_vOledSdaSet                          0x08001cc8   Section        0  oled_device.o(i.s_vOledSdaSet)
    s_vOledSdaSet                            0x08001cc9   Thumb Code    30  oled_device.o(i.s_vOledSdaSet)
    i.s_vOledWriteFewBytesData               0x08001cec   Section        0  oled_device.o(i.s_vOledWriteFewBytesData)
    s_vOledWriteFewBytesData                 0x08001ced   Thumb Code    80  oled_device.o(i.s_vOledWriteFewBytesData)
    i.s_vOledWriteOneByteCmd                 0x08001d3c   Section        0  oled_device.o(i.s_vOledWriteOneByteCmd)
    s_vOledWriteOneByteCmd                   0x08001d3d   Thumb Code    62  oled_device.o(i.s_vOledWriteOneByteCmd)
    i.ucBtnGetucDoubleWait                   0x08001d7c   Section        0  botton.o(i.ucBtnGetucDoubleWait)
    i.ucMyCanExecute                         0x08001d94   Section        0  task.o(i.ucMyCanExecute)
    i.ucMyCan_ReceiveFlag                    0x08001db4   Section        0  can.o(i.ucMyCan_ReceiveFlag)
    i.ulBtnGetClickTick                      0x08001dcc   Section        0  botton.o(i.ulBtnGetClickTick)
    i.ulBtnGetDeCntTh                        0x08001de0   Section        0  botton.o(i.ulBtnGetDeCntTh)
    i.ulBtnGetDoubleClickCntTh               0x08001df4   Section        0  botton.o(i.ulBtnGetDoubleClickCntTh)
    i.ulBtnGetLongPressCntTh                 0x08001e08   Section        0  botton.o(i.ulBtnGetLongPressCntTh)
    i.ulBtnGetPressTick                      0x08001e1c   Section        0  botton.o(i.ulBtnGetPressTick)
    i.vBtnEventClear                         0x08001e30   Section        0  button_mid.o(i.vBtnEventClear)
    i.vBtnEventUpdata                        0x08001e56   Section        0  button_mid.o(i.vBtnEventUpdata)
    i.vBtnExecute                            0x08001f60   Section        0  button_mid.o(i.vBtnExecute)
    i.vBtnParamInit                          0x08001f7c   Section        0  botton.o(i.vBtnParamInit)
    i.vBtnSetClickTick                       0x0800201c   Section        0  botton.o(i.vBtnSetClickTick)
    i.vBtnSetCurEvent                        0x08002030   Section        0  botton.o(i.vBtnSetCurEvent)
    i.vBtnSetLastStatus                      0x08002044   Section        0  botton.o(i.vBtnSetLastStatus)
    i.vBtnSetPressTick                       0x08002058   Section        0  botton.o(i.vBtnSetPressTick)
    i.vBtnSetucDoubleWait                    0x0800206c   Section        0  botton.o(i.vBtnSetucDoubleWait)
    i.vBtnStatusUpdata                       0x08002080   Section        0  botton.o(i.vBtnStatusUpdata)
    i.vCanService_Init                       0x0800214c   Section        0  task.o(i.vCanService_Init)
    i.vMyCan_Receive                         0x08002194   Section        0  can.o(i.vMyCan_Receive)
    i.vMyCan_Transmit                        0x080021ac   Section        0  can.o(i.vMyCan_Transmit)
    i.vOledClearBuffer                       0x080021e8   Section        0  oled_device.o(i.vOledClearBuffer)
    i.vOledCmdInit                           0x08002208   Section        0  oled_device.o(i.vOledCmdInit)
    i.vOledDeviceInit                        0x080022f0   Section        0  oled_device.o(i.vOledDeviceInit)
    i.vOledInit                              0x08002314   Section        0  task.o(i.vOledInit)
    i.vOledRefreshFromBuffer                 0x0800233c   Section        0  oled_device.o(i.vOledRefreshFromBuffer)
    i.vOledWriteHexToBuffer                  0x08002388   Section        0  oled_device.o(i.vOledWriteHexToBuffer)
    i.vOledWriteOneCharToBuffer              0x08002428   Section        0  oled_device.o(i.vOledWriteOneCharToBuffer)
    i.vOledWriteStringToBuffer               0x0800264c   Section        0  oled_device.o(i.vOledWriteStringToBuffer)
    i.vtask                                  0x08002694   Section        0  task.o(i.vtask)
    .constdata                               0x080028c0   Section       18  stm32f1xx_hal_rcc.o(.constdata)
    aPLLMULFactorTable                       0x080028c0   Data          16  stm32f1xx_hal_rcc.o(.constdata)
    aPredivFactorTable                       0x080028d0   Data           2  stm32f1xx_hal_rcc.o(.constdata)
    .constdata                               0x080028d2   Section       24  system_stm32f1xx.o(.constdata)
    .constdata                               0x080028ea   Section     6080  oled_font.o(.constdata)
    .data                                    0x20000000   Section        9  stm32f1xx_hal.o(.data)
    .data                                    0x2000000c   Section        4  system_stm32f1xx.o(.data)
    .data                                    0x20000010   Section      145  task.o(.data)
    s_aucRxBuf                               0x20000010   Data           8  task.o(.data)
    s_ulRxId                                 0x20000018   Data           4  task.o(.data)
    s_ucRxLength                             0x2000001c   Data           1  task.o(.data)
    s_Txdata                                 0x2000001d   Data           8  task.o(.data)
    i                                        0x200000a0   Data           1  task.o(.data)
    .bss                                     0x200000a4   Section       40  main.o(.bss)
    .bss                                     0x200000cc   Section       44  task.o(.bss)
    s_rxHeader                               0x200000cc   Data          28  task.o(.bss)
    s_aucStrBuf                              0x200000e8   Data          16  task.o(.bss)
    .bss                                     0x200000f8   Section     1040  oled_device.o(.bss)
    .bss                                     0x20000508   Section      160  botton.o(.bss)
    s_astBtnDevice                           0x20000508   Data         160  botton.o(.bss)
    STACK                                    0x200005a8   Section     1024  startup_stm32f103xb.o(STACK)

    Global Symbols

    Symbol Name                              Value     Ov Type        Size  Object(Section)

    BuildAttributes$$THM_ISAv4$P$D$K$B$S$PE$A:L22UL41UL21$X:L11$S22US41US21$IEEE1$IW$USESV6$~STKCKD$USESV7$~SHL$OSPACE$ROPI$EBA8$MICROLIB$REQ8$PRES8$EABIv2 0x00000000   Number         0  anon$$obj.o ABSOLUTE
    __ARM_use_no_argv                        0x00000000   Number         0  main.o ABSOLUTE
    _printf_a                                0x00000000   Number         0  stubs.o ABSOLUTE
    _printf_c                                0x00000000   Number         0  stubs.o ABSOLUTE
    _printf_charcount                        0x00000000   Number         0  stubs.o ABSOLUTE
    _printf_d                                0x00000000   Number         0  stubs.o ABSOLUTE
    _printf_e                                0x00000000   Number         0  stubs.o ABSOLUTE
    _printf_f                                0x00000000   Number         0  stubs.o ABSOLUTE
    _printf_flags                            0x00000000   Number         0  stubs.o ABSOLUTE
    _printf_fp_dec                           0x00000000   Number         0  stubs.o ABSOLUTE
    _printf_fp_hex                           0x00000000   Number         0  stubs.o ABSOLUTE
    _printf_g                                0x00000000   Number         0  stubs.o ABSOLUTE
    _printf_i                                0x00000000   Number         0  stubs.o ABSOLUTE
    _printf_int_dec                          0x00000000   Number         0  stubs.o ABSOLUTE
    _printf_l                                0x00000000   Number         0  stubs.o ABSOLUTE
    _printf_lc                               0x00000000   Number         0  stubs.o ABSOLUTE
    _printf_ll                               0x00000000   Number         0  stubs.o ABSOLUTE
    _printf_lld                              0x00000000   Number         0  stubs.o ABSOLUTE
    _printf_lli                              0x00000000   Number         0  stubs.o ABSOLUTE
    _printf_llo                              0x00000000   Number         0  stubs.o ABSOLUTE
    _printf_llu                              0x00000000   Number         0  stubs.o ABSOLUTE
    _printf_llx                              0x00000000   Number         0  stubs.o ABSOLUTE
    _printf_longlong_dec                     0x00000000   Number         0  stubs.o ABSOLUTE
    _printf_longlong_hex                     0x00000000   Number         0  stubs.o ABSOLUTE
    _printf_longlong_oct                     0x00000000   Number         0  stubs.o ABSOLUTE
    _printf_ls                               0x00000000   Number         0  stubs.o ABSOLUTE
    _printf_mbtowc                           0x00000000   Number         0  stubs.o ABSOLUTE
    _printf_n                                0x00000000   Number         0  stubs.o ABSOLUTE
    _printf_o                                0x00000000   Number         0  stubs.o ABSOLUTE
    _printf_p                                0x00000000   Number         0  stubs.o ABSOLUTE
    _printf_percent                          0x00000000   Number         0  stubs.o ABSOLUTE
    _printf_pre_padding                      0x00000000   Number         0  stubs.o ABSOLUTE
    _printf_return_value                     0x00000000   Number         0  stubs.o ABSOLUTE
    _printf_s                                0x00000000   Number         0  stubs.o ABSOLUTE
    _printf_sizespec                         0x00000000   Number         0  stubs.o ABSOLUTE
    _printf_str                              0x00000000   Number         0  stubs.o ABSOLUTE
    _printf_truncate_signed                  0x00000000   Number         0  stubs.o ABSOLUTE
    _printf_truncate_unsigned                0x00000000   Number         0  stubs.o ABSOLUTE
    _printf_u                                0x00000000   Number         0  stubs.o ABSOLUTE
    _printf_wc                               0x00000000   Number         0  stubs.o ABSOLUTE
    _printf_wctomb                           0x00000000   Number         0  stubs.o ABSOLUTE
    _printf_widthprec                        0x00000000   Number         0  stubs.o ABSOLUTE
    _printf_x                                0x00000000   Number         0  stubs.o ABSOLUTE
    __cpp_initialize__aeabi_                  - Undefined Weak Reference
    __cxa_finalize                            - Undefined Weak Reference
    __decompress                              - Undefined Weak Reference
    _clock_init                               - Undefined Weak Reference
    _microlib_exit                            - Undefined Weak Reference
    __Vectors_Size                           0x000000ec   Number         0  startup_stm32f103xb.o ABSOLUTE
    __Vectors                                0x08000000   Data           4  startup_stm32f103xb.o(RESET)
    __Vectors_End                            0x080000ec   Data           0  startup_stm32f103xb.o(RESET)
    __main                                   0x080000ed   Thumb Code     0  entry.o(.ARM.Collect$$$$00000000)
    _main_stk                                0x080000ed   Thumb Code     0  entry2.o(.ARM.Collect$$$$00000001)
    _main_scatterload                        0x080000f1   Thumb Code     0  entry5.o(.ARM.Collect$$$$00000004)
    __main_after_scatterload                 0x080000f5   Thumb Code     0  entry5.o(.ARM.Collect$$$$00000004)
    _main_clock                              0x080000f5   Thumb Code     0  entry7b.o(.ARM.Collect$$$$00000008)
    _main_cpp_init                           0x080000f5   Thumb Code     0  entry8b.o(.ARM.Collect$$$$0000000A)
    _main_init                               0x080000f5   Thumb Code     0  entry9a.o(.ARM.Collect$$$$0000000B)
    __rt_final_cpp                           0x080000fd   Thumb Code     0  entry10a.o(.ARM.Collect$$$$0000000D)
    __rt_final_exit                          0x080000fd   Thumb Code     0  entry11a.o(.ARM.Collect$$$$0000000F)
    Reset_Handler                            0x08000101   Thumb Code     8  startup_stm32f103xb.o(.text)
    ADC1_2_IRQHandler                        0x0800011b   Thumb Code     0  startup_stm32f103xb.o(.text)
    CAN1_RX1_IRQHandler                      0x0800011b   Thumb Code     0  startup_stm32f103xb.o(.text)
    CAN1_SCE_IRQHandler                      0x0800011b   Thumb Code     0  startup_stm32f103xb.o(.text)
    DMA1_Channel1_IRQHandler                 0x0800011b   Thumb Code     0  startup_stm32f103xb.o(.text)
    DMA1_Channel2_IRQHandler                 0x0800011b   Thumb Code     0  startup_stm32f103xb.o(.text)
    DMA1_Channel3_IRQHandler                 0x0800011b   Thumb Code     0  startup_stm32f103xb.o(.text)
    DMA1_Channel4_IRQHandler                 0x0800011b   Thumb Code     0  startup_stm32f103xb.o(.text)
    DMA1_Channel5_IRQHandler                 0x0800011b   Thumb Code     0  startup_stm32f103xb.o(.text)
    DMA1_Channel6_IRQHandler                 0x0800011b   Thumb Code     0  startup_stm32f103xb.o(.text)
    DMA1_Channel7_IRQHandler                 0x0800011b   Thumb Code     0  startup_stm32f103xb.o(.text)
    EXTI0_IRQHandler                         0x0800011b   Thumb Code     0  startup_stm32f103xb.o(.text)
    EXTI15_10_IRQHandler                     0x0800011b   Thumb Code     0  startup_stm32f103xb.o(.text)
    EXTI1_IRQHandler                         0x0800011b   Thumb Code     0  startup_stm32f103xb.o(.text)
    EXTI2_IRQHandler                         0x0800011b   Thumb Code     0  startup_stm32f103xb.o(.text)
    EXTI3_IRQHandler                         0x0800011b   Thumb Code     0  startup_stm32f103xb.o(.text)
    EXTI4_IRQHandler                         0x0800011b   Thumb Code     0  startup_stm32f103xb.o(.text)
    EXTI9_5_IRQHandler                       0x0800011b   Thumb Code     0  startup_stm32f103xb.o(.text)
    FLASH_IRQHandler                         0x0800011b   Thumb Code     0  startup_stm32f103xb.o(.text)
    I2C1_ER_IRQHandler                       0x0800011b   Thumb Code     0  startup_stm32f103xb.o(.text)
    I2C1_EV_IRQHandler                       0x0800011b   Thumb Code     0  startup_stm32f103xb.o(.text)
    I2C2_ER_IRQHandler                       0x0800011b   Thumb Code     0  startup_stm32f103xb.o(.text)
    I2C2_EV_IRQHandler                       0x0800011b   Thumb Code     0  startup_stm32f103xb.o(.text)
    PVD_IRQHandler                           0x0800011b   Thumb Code     0  startup_stm32f103xb.o(.text)
    RCC_IRQHandler                           0x0800011b   Thumb Code     0  startup_stm32f103xb.o(.text)
    RTC_Alarm_IRQHandler                     0x0800011b   Thumb Code     0  startup_stm32f103xb.o(.text)
    RTC_IRQHandler                           0x0800011b   Thumb Code     0  startup_stm32f103xb.o(.text)
    SPI1_IRQHandler                          0x0800011b   Thumb Code     0  startup_stm32f103xb.o(.text)
    SPI2_IRQHandler                          0x0800011b   Thumb Code     0  startup_stm32f103xb.o(.text)
    TAMPER_IRQHandler                        0x0800011b   Thumb Code     0  startup_stm32f103xb.o(.text)
    TIM1_BRK_IRQHandler                      0x0800011b   Thumb Code     0  startup_stm32f103xb.o(.text)
    TIM1_CC_IRQHandler                       0x0800011b   Thumb Code     0  startup_stm32f103xb.o(.text)
    TIM1_TRG_COM_IRQHandler                  0x0800011b   Thumb Code     0  startup_stm32f103xb.o(.text)
    TIM1_UP_IRQHandler                       0x0800011b   Thumb Code     0  startup_stm32f103xb.o(.text)
    TIM2_IRQHandler                          0x0800011b   Thumb Code     0  startup_stm32f103xb.o(.text)
    TIM3_IRQHandler                          0x0800011b   Thumb Code     0  startup_stm32f103xb.o(.text)
    TIM4_IRQHandler                          0x0800011b   Thumb Code     0  startup_stm32f103xb.o(.text)
    USART1_IRQHandler                        0x0800011b   Thumb Code     0  startup_stm32f103xb.o(.text)
    USART2_IRQHandler                        0x0800011b   Thumb Code     0  startup_stm32f103xb.o(.text)
    USART3_IRQHandler                        0x0800011b   Thumb Code     0  startup_stm32f103xb.o(.text)
    USBWakeUp_IRQHandler                     0x0800011b   Thumb Code     0  startup_stm32f103xb.o(.text)
    USB_HP_CAN1_TX_IRQHandler                0x0800011b   Thumb Code     0  startup_stm32f103xb.o(.text)
    USB_LP_CAN1_RX0_IRQHandler               0x0800011b   Thumb Code     0  startup_stm32f103xb.o(.text)
    WWDG_IRQHandler                          0x0800011b   Thumb Code     0  startup_stm32f103xb.o(.text)
    __aeabi_llsr                             0x08000125   Thumb Code    32  llushr.o(.text)
    _ll_ushift_r                             0x08000125   Thumb Code     0  llushr.o(.text)
    __aeabi_memcpy                           0x08000145   Thumb Code    36  memcpya.o(.text)
    __aeabi_memcpy4                          0x08000145   Thumb Code     0  memcpya.o(.text)
    __aeabi_memcpy8                          0x08000145   Thumb Code     0  memcpya.o(.text)
    __aeabi_memset                           0x08000169   Thumb Code    14  memseta.o(.text)
    __aeabi_memset4                          0x08000169   Thumb Code     0  memseta.o(.text)
    __aeabi_memset8                          0x08000169   Thumb Code     0  memseta.o(.text)
    __aeabi_memclr                           0x08000177   Thumb Code     4  memseta.o(.text)
    __aeabi_memclr4                          0x08000177   Thumb Code     0  memseta.o(.text)
    __aeabi_memclr8                          0x08000177   Thumb Code     0  memseta.o(.text)
    _memset$wrapper                          0x0800017b   Thumb Code    18  memseta.o(.text)
    __aeabi_uldivmod                         0x0800018d   Thumb Code    98  uldiv.o(.text)
    __scatterload                            0x080001f1   Thumb Code    28  init.o(.text)
    __scatterload_rt2                        0x080001f1   Thumb Code     0  init.o(.text)
    __aeabi_llsl                             0x08000215   Thumb Code    30  llshl.o(.text)
    _ll_shift_l                              0x08000215   Thumb Code     0  llshl.o(.text)
    BusFault_Handler                         0x08000233   Thumb Code     4  stm32f1xx_it.o(i.BusFault_Handler)
    Button_Init                              0x08000239   Thumb Code   158  task.o(i.Button_Init)
    DebugMon_Handler                         0x080002e1   Thumb Code     2  stm32f1xx_it.o(i.DebugMon_Handler)
    Error_Handler                            0x080002e3   Thumb Code     6  main.o(i.Error_Handler)
    HAL_CAN_AddTxMessage                     0x080002e9   Thumb Code   330  stm32f1xx_hal_can.o(i.HAL_CAN_AddTxMessage)
    HAL_CAN_ConfigFilter                     0x08000433   Thumb Code   266  stm32f1xx_hal_can.o(i.HAL_CAN_ConfigFilter)
    HAL_CAN_GetRxFifoFillLevel               0x0800053d   Thumb Code    40  stm32f1xx_hal_can.o(i.HAL_CAN_GetRxFifoFillLevel)
    HAL_CAN_GetRxMessage                     0x08000565   Thumb Code   404  stm32f1xx_hal_can.o(i.HAL_CAN_GetRxMessage)
    HAL_CAN_Init                             0x080006f9   Thumb Code   372  stm32f1xx_hal_can.o(i.HAL_CAN_Init)
    HAL_CAN_MspInit                          0x0800086d   Thumb Code   122  stm32f1xx_hal_msp.o(i.HAL_CAN_MspInit)
    HAL_CAN_Start                            0x080008f5   Thumb Code    94  stm32f1xx_hal_can.o(i.HAL_CAN_Start)
    HAL_GPIO_Init                            0x08000955   Thumb Code   766  stm32f1xx_hal_gpio.o(i.HAL_GPIO_Init)
    HAL_GPIO_ReadPin                         0x08000c75   Thumb Code    16  stm32f1xx_hal_gpio.o(i.HAL_GPIO_ReadPin)
    HAL_GPIO_WritePin                        0x08000c85   Thumb Code    12  stm32f1xx_hal_gpio.o(i.HAL_GPIO_WritePin)
    HAL_GetTick                              0x08000c91   Thumb Code     6  stm32f1xx_hal.o(i.HAL_GetTick)
    HAL_IncTick                              0x08000c9d   Thumb Code    16  stm32f1xx_hal.o(i.HAL_IncTick)
    HAL_Init                                 0x08000cb5   Thumb Code    34  stm32f1xx_hal.o(i.HAL_Init)
    HAL_InitTick                             0x08000cdd   Thumb Code    64  stm32f1xx_hal.o(i.HAL_InitTick)
    HAL_MspInit                              0x08000d29   Thumb Code    76  stm32f1xx_hal_msp.o(i.HAL_MspInit)
    HAL_NVIC_SetPriority                     0x08000d7d   Thumb Code   124  stm32f1xx_hal_cortex.o(i.HAL_NVIC_SetPriority)
    HAL_NVIC_SetPriorityGrouping             0x08000df9   Thumb Code    32  stm32f1xx_hal_cortex.o(i.HAL_NVIC_SetPriorityGrouping)
    HAL_RCC_ClockConfig                      0x08000e21   Thumb Code   376  stm32f1xx_hal_rcc.o(i.HAL_RCC_ClockConfig)
    HAL_RCC_GetSysClockFreq                  0x08000fad   Thumb Code    92  stm32f1xx_hal_rcc.o(i.HAL_RCC_GetSysClockFreq)
    HAL_RCC_OscConfig                        0x0800101d   Thumb Code  1114  stm32f1xx_hal_rcc.o(i.HAL_RCC_OscConfig)
    HAL_SYSTICK_Config                       0x08001481   Thumb Code    52  stm32f1xx_hal_cortex.o(i.HAL_SYSTICK_Config)
    HardFault_Handler                        0x080014b5   Thumb Code     4  stm32f1xx_it.o(i.HardFault_Handler)
    MemManage_Handler                        0x080015a9   Thumb Code     4  stm32f1xx_it.o(i.MemManage_Handler)
    NMI_Handler                              0x080015ad   Thumb Code     4  stm32f1xx_it.o(i.NMI_Handler)
    PendSV_Handler                           0x080015b1   Thumb Code     2  stm32f1xx_it.o(i.PendSV_Handler)
    SVC_Handler                              0x080015dd   Thumb Code     2  stm32f1xx_it.o(i.SVC_Handler)
    SysTick_Handler                          0x080015df   Thumb Code     8  stm32f1xx_it.o(i.SysTick_Handler)
    SystemClock_Config                       0x080015e7   Thumb Code   102  main.o(i.SystemClock_Config)
    SystemInit                               0x0800164d   Thumb Code     2  system_stm32f1xx.o(i.SystemInit)
    UsageFault_Handler                       0x0800164f   Thumb Code     4  stm32f1xx_it.o(i.UsageFault_Handler)
    __0snprintf$8                            0x08001655   Thumb Code    44  printf8.o(i.__0snprintf$8)
    __1snprintf$8                            0x08001655   Thumb Code     0  printf8.o(i.__0snprintf$8)
    __2snprintf                              0x08001655   Thumb Code     0  printf8.o(i.__0snprintf$8)
    __scatterload_copy                       0x080016bd   Thumb Code    14  handlers.o(i.__scatterload_copy)
    __scatterload_null                       0x080016cb   Thumb Code     2  handlers.o(i.__scatterload_null)
    __scatterload_zeroinit                   0x080016cd   Thumb Code    14  handlers.o(i.__scatterload_zeroinit)
    emBtnGetCurEvent                         0x08001b55   Thumb Code    16  botton.o(i.emBtnGetCurEvent)
    emBtnGetCurStatus                        0x08001b69   Thumb Code    16  botton.o(i.emBtnGetCurStatus)
    emBtnGetLastStatus                       0x08001b7d   Thumb Code    16  botton.o(i.emBtnGetLastStatus)
    main                                     0x08001b91   Thumb Code    36  main.o(i.main)
    ucBtnGetucDoubleWait                     0x08001d7d   Thumb Code    18  botton.o(i.ucBtnGetucDoubleWait)
    ucMyCanExecute                           0x08001d95   Thumb Code    24  task.o(i.ucMyCanExecute)
    ucMyCan_ReceiveFlag                      0x08001db5   Thumb Code    20  can.o(i.ucMyCan_ReceiveFlag)
    ulBtnGetClickTick                        0x08001dcd   Thumb Code    16  botton.o(i.ulBtnGetClickTick)
    ulBtnGetDeCntTh                          0x08001de1   Thumb Code    16  botton.o(i.ulBtnGetDeCntTh)
    ulBtnGetDoubleClickCntTh                 0x08001df5   Thumb Code    16  botton.o(i.ulBtnGetDoubleClickCntTh)
    ulBtnGetLongPressCntTh                   0x08001e09   Thumb Code    16  botton.o(i.ulBtnGetLongPressCntTh)
    ulBtnGetPressTick                        0x08001e1d   Thumb Code    16  botton.o(i.ulBtnGetPressTick)
    vBtnEventClear                           0x08001e31   Thumb Code    38  button_mid.o(i.vBtnEventClear)
    vBtnEventUpdata                          0x08001e57   Thumb Code   266  button_mid.o(i.vBtnEventUpdata)
    vBtnExecute                              0x08001f61   Thumb Code    28  button_mid.o(i.vBtnExecute)
    vBtnParamInit                            0x08001f7d   Thumb Code   154  botton.o(i.vBtnParamInit)
    vBtnSetClickTick                         0x0800201d   Thumb Code    14  botton.o(i.vBtnSetClickTick)
    vBtnSetCurEvent                          0x08002031   Thumb Code    14  botton.o(i.vBtnSetCurEvent)
    vBtnSetLastStatus                        0x08002045   Thumb Code    14  botton.o(i.vBtnSetLastStatus)
    vBtnSetPressTick                         0x08002059   Thumb Code    14  botton.o(i.vBtnSetPressTick)
    vBtnSetucDoubleWait                      0x0800206d   Thumb Code    16  botton.o(i.vBtnSetucDoubleWait)
    vBtnStatusUpdata                         0x08002081   Thumb Code   198  botton.o(i.vBtnStatusUpdata)
    vCanService_Init                         0x0800214d   Thumb Code    60  task.o(i.vCanService_Init)
    vMyCan_Receive                           0x08002195   Thumb Code    20  can.o(i.vMyCan_Receive)
    vMyCan_Transmit                          0x080021ad   Thumb Code    54  can.o(i.vMyCan_Transmit)
    vOledClearBuffer                         0x080021e9   Thumb Code    28  oled_device.o(i.vOledClearBuffer)
    vOledCmdInit                             0x08002209   Thumb Code   230  oled_device.o(i.vOledCmdInit)
    vOledDeviceInit                          0x080022f1   Thumb Code    30  oled_device.o(i.vOledDeviceInit)
    vOledInit                                0x08002315   Thumb Code    36  task.o(i.vOledInit)
    vOledRefreshFromBuffer                   0x0800233d   Thumb Code    70  oled_device.o(i.vOledRefreshFromBuffer)
    vOledWriteHexToBuffer                    0x08002389   Thumb Code   160  oled_device.o(i.vOledWriteHexToBuffer)
    vOledWriteOneCharToBuffer                0x08002429   Thumb Code   530  oled_device.o(i.vOledWriteOneCharToBuffer)
    vOledWriteStringToBuffer                 0x0800264d   Thumb Code    72  oled_device.o(i.vOledWriteStringToBuffer)
    vtask                                    0x08002695   Thumb Code   450  task.o(i.vtask)
    AHBPrescTable                            0x080028d2   Data          16  system_stm32f1xx.o(.constdata)
    APBPrescTable                            0x080028e2   Data           8  system_stm32f1xx.o(.constdata)
    c_a2ucOledFont_Ascii_1206                0x080028ea   Data        1140  oled_font.o(.constdata)
    c_a2ucOledFont_Ascii_1608                0x08002d5e   Data        1520  oled_font.o(.constdata)
    c_a2ucOledFont_Ascii_2412                0x0800334e   Data        3420  oled_font.o(.constdata)
    Region$$Table$$Base                      0x080040ac   Number         0  anon$$obj.o(Region$$Table)
    Region$$Table$$Limit                     0x080040cc   Number         0  anon$$obj.o(Region$$Table)
    uwTick                                   0x20000000   Data           4  stm32f1xx_hal.o(.data)
    uwTickPrio                               0x20000004   Data           4  stm32f1xx_hal.o(.data)
    uwTickFreq                               0x20000008   Data           1  stm32f1xx_hal.o(.data)
    SystemCoreClock                          0x2000000c   Data           4  system_stm32f1xx.o(.data)
    stTxMsgArray                             0x20000028   Data         120  task.o(.data)
    hcan                                     0x200000a4   Data          40  main.o(.bss)
    astOledDeviceParam                       0x200000f8   Data        1040  oled_device.o(.bss)
    __initial_sp                             0x200009a8   Data           0  startup_stm32f103xb.o(STACK)



==============================================================================

Memory Map of the image

  Image Entry point : 0x080000ed

  Load Region LR_IROM1 (Base: 0x08000000, Size: 0x00004170, Max: 0x00010000, ABSOLUTE)

    Execution Region ER_IROM1 (Exec base: 0x08000000, Load base: 0x08000000, Size: 0x000040cc, Max: 0x00010000, ABSOLUTE)

    Exec Addr    Load Addr    Size         Type   Attr      Idx    E Section Name        Object

    0x08000000   0x08000000   0x000000ec   Data   RO            3    RESET               startup_stm32f103xb.o
    0x080000ec   0x080000ec   0x00000000   Code   RO         2029  * .ARM.Collect$$$$00000000  mc_w.l(entry.o)
    0x080000ec   0x080000ec   0x00000004   Code   RO         2303    .ARM.Collect$$$$00000001  mc_w.l(entry2.o)
    0x080000f0   0x080000f0   0x00000004   Code   RO         2306    .ARM.Collect$$$$00000004  mc_w.l(entry5.o)
    0x080000f4   0x080000f4   0x00000000   Code   RO         2308    .ARM.Collect$$$$00000008  mc_w.l(entry7b.o)
    0x080000f4   0x080000f4   0x00000000   Code   RO         2310    .ARM.Collect$$$$0000000A  mc_w.l(entry8b.o)
    0x080000f4   0x080000f4   0x00000008   Code   RO         2311    .ARM.Collect$$$$0000000B  mc_w.l(entry9a.o)
    0x080000fc   0x080000fc   0x00000000   Code   RO         2313    .ARM.Collect$$$$0000000D  mc_w.l(entry10a.o)
    0x080000fc   0x080000fc   0x00000000   Code   RO         2315    .ARM.Collect$$$$0000000F  mc_w.l(entry11a.o)
    0x080000fc   0x080000fc   0x00000004   Code   RO         2304    .ARM.Collect$$$$00002712  mc_w.l(entry2.o)
    0x08000100   0x08000100   0x00000024   Code   RO            4    .text               startup_stm32f103xb.o
    0x08000124   0x08000124   0x00000020   Code   RO         2032    .text               mc_w.l(llushr.o)
    0x08000144   0x08000144   0x00000024   Code   RO         2034    .text               mc_w.l(memcpya.o)
    0x08000168   0x08000168   0x00000024   Code   RO         2036    .text               mc_w.l(memseta.o)
    0x0800018c   0x0800018c   0x00000062   Code   RO         2322    .text               mc_w.l(uldiv.o)
    0x080001ee   0x080001ee   0x00000002   PAD
    0x080001f0   0x080001f0   0x00000024   Code   RO         2335    .text               mc_w.l(init.o)
    0x08000214   0x08000214   0x0000001e   Code   RO         2338    .text               mc_w.l(llshl.o)
    0x08000232   0x08000232   0x00000004   Code   RO          156    i.BusFault_Handler  stm32f1xx_it.o
    0x08000236   0x08000236   0x00000002   PAD
    0x08000238   0x08000238   0x000000a8   Code   RO         1582    i.Button_Init       task.o
    0x080002e0   0x080002e0   0x00000002   Code   RO          157    i.DebugMon_Handler  stm32f1xx_it.o
    0x080002e2   0x080002e2   0x00000006   Code   RO           13    i.Error_Handler     main.o
    0x080002e8   0x080002e8   0x0000014a   Code   RO          305    i.HAL_CAN_AddTxMessage  stm32f1xx_hal_can.o
    0x08000432   0x08000432   0x0000010a   Code   RO          306    i.HAL_CAN_ConfigFilter  stm32f1xx_hal_can.o
    0x0800053c   0x0800053c   0x00000028   Code   RO          311    i.HAL_CAN_GetRxFifoFillLevel  stm32f1xx_hal_can.o
    0x08000564   0x08000564   0x00000194   Code   RO          312    i.HAL_CAN_GetRxMessage  stm32f1xx_hal_can.o
    0x080006f8   0x080006f8   0x00000174   Code   RO          317    i.HAL_CAN_Init      stm32f1xx_hal_can.o
    0x0800086c   0x0800086c   0x00000088   Code   RO          232    i.HAL_CAN_MspInit   stm32f1xx_hal_msp.o
    0x080008f4   0x080008f4   0x0000005e   Code   RO          329    i.HAL_CAN_Start     stm32f1xx_hal_can.o
    0x08000952   0x08000952   0x00000002   PAD
    0x08000954   0x08000954   0x00000320   Code   RO          859    i.HAL_GPIO_Init     stm32f1xx_hal_gpio.o
    0x08000c74   0x08000c74   0x00000010   Code   RO          861    i.HAL_GPIO_ReadPin  stm32f1xx_hal_gpio.o
    0x08000c84   0x08000c84   0x0000000c   Code   RO          863    i.HAL_GPIO_WritePin  stm32f1xx_hal_gpio.o
    0x08000c90   0x08000c90   0x0000000c   Code   RO          548    i.HAL_GetTick       stm32f1xx_hal.o
    0x08000c9c   0x08000c9c   0x00000018   Code   RO          554    i.HAL_IncTick       stm32f1xx_hal.o
    0x08000cb4   0x08000cb4   0x00000028   Code   RO          555    i.HAL_Init          stm32f1xx_hal.o
    0x08000cdc   0x08000cdc   0x0000004c   Code   RO          556    i.HAL_InitTick      stm32f1xx_hal.o
    0x08000d28   0x08000d28   0x00000054   Code   RO          233    i.HAL_MspInit       stm32f1xx_hal_msp.o
    0x08000d7c   0x08000d7c   0x0000007c   Code   RO         1025    i.HAL_NVIC_SetPriority  stm32f1xx_hal_cortex.o
    0x08000df8   0x08000df8   0x00000028   Code   RO         1026    i.HAL_NVIC_SetPriorityGrouping  stm32f1xx_hal_cortex.o
    0x08000e20   0x08000e20   0x0000018c   Code   RO          712    i.HAL_RCC_ClockConfig  stm32f1xx_hal_rcc.o
    0x08000fac   0x08000fac   0x00000070   Code   RO          721    i.HAL_RCC_GetSysClockFreq  stm32f1xx_hal_rcc.o
    0x0800101c   0x0800101c   0x00000464   Code   RO          724    i.HAL_RCC_OscConfig  stm32f1xx_hal_rcc.o
    0x08001480   0x08001480   0x00000034   Code   RO         1030    i.HAL_SYSTICK_Config  stm32f1xx_hal_cortex.o
    0x080014b4   0x080014b4   0x00000004   Code   RO          158    i.HardFault_Handler  stm32f1xx_it.o
    0x080014b8   0x080014b8   0x00000048   Code   RO           14    i.MX_CAN_Init       main.o
    0x08001500   0x08001500   0x000000a8   Code   RO           15    i.MX_GPIO_Init      main.o
    0x080015a8   0x080015a8   0x00000004   Code   RO          159    i.MemManage_Handler  stm32f1xx_it.o
    0x080015ac   0x080015ac   0x00000004   Code   RO          160    i.NMI_Handler       stm32f1xx_it.o
    0x080015b0   0x080015b0   0x00000002   Code   RO          161    i.PendSV_Handler    stm32f1xx_it.o
    0x080015b2   0x080015b2   0x00000002   PAD
    0x080015b4   0x080015b4   0x00000028   Code   RO          725    i.RCC_Delay         stm32f1xx_hal_rcc.o
    0x080015dc   0x080015dc   0x00000002   Code   RO          162    i.SVC_Handler       stm32f1xx_it.o
    0x080015de   0x080015de   0x00000008   Code   RO          163    i.SysTick_Handler   stm32f1xx_it.o
    0x080015e6   0x080015e6   0x00000066   Code   RO           16    i.SystemClock_Config  main.o
    0x0800164c   0x0800164c   0x00000002   Code   RO         1546    i.SystemInit        system_stm32f1xx.o
    0x0800164e   0x0800164e   0x00000004   Code   RO          164    i.UsageFault_Handler  stm32f1xx_it.o
    0x08001652   0x08001652   0x00000002   PAD
    0x08001654   0x08001654   0x00000030   Code   RO         2250    i.__0snprintf$8     mc_w.l(printf8.o)
    0x08001684   0x08001684   0x00000010   Code   RO         1032    i.__NVIC_GetPriorityGrouping  stm32f1xx_hal_cortex.o
    0x08001694   0x08001694   0x00000028   Code   RO         1033    i.__NVIC_SetPriority  stm32f1xx_hal_cortex.o
    0x080016bc   0x080016bc   0x0000000e   Code   RO         2347    i.__scatterload_copy  mc_w.l(handlers.o)
    0x080016ca   0x080016ca   0x00000002   Code   RO         2348    i.__scatterload_null  mc_w.l(handlers.o)
    0x080016cc   0x080016cc   0x0000000e   Code   RO         2349    i.__scatterload_zeroinit  mc_w.l(handlers.o)
    0x080016da   0x080016da   0x00000002   PAD
    0x080016dc   0x080016dc   0x00000410   Code   RO         2256    i._printf_core      mc_w.l(printf8.o)
    0x08001aec   0x08001aec   0x00000024   Code   RO         2257    i._printf_post_padding  mc_w.l(printf8.o)
    0x08001b10   0x08001b10   0x0000002e   Code   RO         2258    i._printf_pre_padding  mc_w.l(printf8.o)
    0x08001b3e   0x08001b3e   0x00000016   Code   RO         2259    i._snputc           mc_w.l(printf8.o)
    0x08001b54   0x08001b54   0x00000014   Code   RO         1864    i.emBtnGetCurEvent  botton.o
    0x08001b68   0x08001b68   0x00000014   Code   RO         1865    i.emBtnGetCurStatus  botton.o
    0x08001b7c   0x08001b7c   0x00000014   Code   RO         1866    i.emBtnGetLastStatus  botton.o
    0x08001b90   0x08001b90   0x00000024   Code   RO           17    i.main              main.o
    0x08001bb4   0x08001bb4   0x00000020   Code   RO         1867    i.s_vBtnStaticParamCopy  botton.o
    0x08001bd4   0x08001bd4   0x0000003e   Code   RO         1652    i.s_vOledIicSendByte  oled_device.o
    0x08001c12   0x08001c12   0x0000001e   Code   RO         1653    i.s_vOledIicStart   oled_device.o
    0x08001c30   0x08001c30   0x00000018   Code   RO         1654    i.s_vOledIicStop    oled_device.o
    0x08001c48   0x08001c48   0x00000012   Code   RO         1655    i.s_vOledIicWaitAck  oled_device.o
    0x08001c5a   0x08001c5a   0x00000002   PAD
    0x08001c5c   0x08001c5c   0x00000024   Code   RO         1656    i.s_vOledSclReset   oled_device.o
    0x08001c80   0x08001c80   0x00000024   Code   RO         1657    i.s_vOledSclSet     oled_device.o
    0x08001ca4   0x08001ca4   0x00000024   Code   RO         1658    i.s_vOledSdaReset   oled_device.o
    0x08001cc8   0x08001cc8   0x00000024   Code   RO         1659    i.s_vOledSdaSet     oled_device.o
    0x08001cec   0x08001cec   0x00000050   Code   RO         1660    i.s_vOledWriteFewBytesData  oled_device.o
    0x08001d3c   0x08001d3c   0x0000003e   Code   RO         1661    i.s_vOledWriteOneByteCmd  oled_device.o
    0x08001d7a   0x08001d7a   0x00000002   PAD
    0x08001d7c   0x08001d7c   0x00000018   Code   RO         1868    i.ucBtnGetucDoubleWait  botton.o
    0x08001d94   0x08001d94   0x00000020   Code   RO         1583    i.ucMyCanExecute    task.o
    0x08001db4   0x08001db4   0x00000018   Code   RO         1826    i.ucMyCan_ReceiveFlag  can.o
    0x08001dcc   0x08001dcc   0x00000014   Code   RO         1869    i.ulBtnGetClickTick  botton.o
    0x08001de0   0x08001de0   0x00000014   Code   RO         1870    i.ulBtnGetDeCntTh   botton.o
    0x08001df4   0x08001df4   0x00000014   Code   RO         1871    i.ulBtnGetDoubleClickCntTh  botton.o
    0x08001e08   0x08001e08   0x00000014   Code   RO         1872    i.ulBtnGetLongPressCntTh  botton.o
    0x08001e1c   0x08001e1c   0x00000014   Code   RO         1873    i.ulBtnGetPressTick  botton.o
    0x08001e30   0x08001e30   0x00000026   Code   RO         1993    i.vBtnEventClear    button_mid.o
    0x08001e56   0x08001e56   0x0000010a   Code   RO         1994    i.vBtnEventUpdata   button_mid.o
    0x08001f60   0x08001f60   0x0000001c   Code   RO         1995    i.vBtnExecute       button_mid.o
    0x08001f7c   0x08001f7c   0x000000a0   Code   RO         1874    i.vBtnParamInit     botton.o
    0x0800201c   0x0800201c   0x00000014   Code   RO         1875    i.vBtnSetClickTick  botton.o
    0x08002030   0x08002030   0x00000014   Code   RO         1876    i.vBtnSetCurEvent   botton.o
    0x08002044   0x08002044   0x00000014   Code   RO         1877    i.vBtnSetLastStatus  botton.o
    0x08002058   0x08002058   0x00000014   Code   RO         1878    i.vBtnSetPressTick  botton.o
    0x0800206c   0x0800206c   0x00000014   Code   RO         1879    i.vBtnSetucDoubleWait  botton.o
    0x08002080   0x08002080   0x000000cc   Code   RO         1880    i.vBtnStatusUpdata  botton.o
    0x0800214c   0x0800214c   0x00000048   Code   RO         1584    i.vCanService_Init  task.o
    0x08002194   0x08002194   0x00000018   Code   RO         1827    i.vMyCan_Receive    can.o
    0x080021ac   0x080021ac   0x0000003c   Code   RO         1828    i.vMyCan_Transmit   can.o
    0x080021e8   0x080021e8   0x00000020   Code   RO         1662    i.vOledClearBuffer  oled_device.o
    0x08002208   0x08002208   0x000000e6   Code   RO         1664    i.vOledCmdInit      oled_device.o
    0x080022ee   0x080022ee   0x00000002   PAD
    0x080022f0   0x080022f0   0x00000024   Code   RO         1665    i.vOledDeviceInit   oled_device.o
    0x08002314   0x08002314   0x00000028   Code   RO         1585    i.vOledInit         task.o
    0x0800233c   0x0800233c   0x0000004c   Code   RO         1670    i.vOledRefreshFromBuffer  oled_device.o
    0x08002388   0x08002388   0x000000a0   Code   RO         1671    i.vOledWriteHexToBuffer  oled_device.o
    0x08002428   0x08002428   0x00000224   Code   RO         1672    i.vOledWriteOneCharToBuffer  oled_device.o
    0x0800264c   0x0800264c   0x00000048   Code   RO         1673    i.vOledWriteStringToBuffer  oled_device.o
    0x08002694   0x08002694   0x0000022c   Code   RO         1586    i.vtask             task.o
    0x080028c0   0x080028c0   0x00000012   Data   RO          726    .constdata          stm32f1xx_hal_rcc.o
    0x080028d2   0x080028d2   0x00000018   Data   RO         1547    .constdata          system_stm32f1xx.o
    0x080028ea   0x080028ea   0x000017c0   Data   RO         1811    .constdata          oled_font.o
    0x080040aa   0x080040aa   0x00000002   PAD
    0x080040ac   0x080040ac   0x00000020   Data   RO         2345    Region$$Table       anon$$obj.o


    Execution Region RW_IRAM1 (Exec base: 0x20000000, Load base: 0x080040cc, Size: 0x000009a8, Max: 0x00005000, ABSOLUTE)

    Exec Addr    Load Addr    Size         Type   Attr      Idx    E Section Name        Object

    0x20000000   0x080040cc   0x00000009   Data   RW          562    .data               stm32f1xx_hal.o
    0x20000009   0x080040d5   0x00000003   PAD
    0x2000000c   0x080040d8   0x00000004   Data   RW         1548    .data               system_stm32f1xx.o
    0x20000010   0x080040dc   0x00000091   Data   RW         1588    .data               task.o
    0x200000a1   0x0800416d   0x00000003   PAD
    0x200000a4        -       0x00000028   Zero   RW           18    .bss                main.o
    0x200000cc        -       0x0000002c   Zero   RW         1587    .bss                task.o
    0x200000f8        -       0x00000410   Zero   RW         1674    .bss                oled_device.o
    0x20000508        -       0x000000a0   Zero   RW         1881    .bss                botton.o
    0x200005a8        -       0x00000400   Zero   RW            1    STACK               startup_stm32f103xb.o


==============================================================================

Image component sizes


      Code (inc. data)   RO Data    RW Data    ZI Data      Debug   Object Name

       680         84          0          0        160      10518   botton.o
       332          0          0          0          0       1801   button_mid.o
       108         14          0          0          0       1992   can.o
       384         20          0          0         40     395199   main.o
      1574         54          0          0       1040      12089   oled_device.o
         0          0       6080          0          0        720   oled_font.o
        36          8        236          0       1024        788   startup_stm32f103xb.o
       152         32          0          9          0       5165   stm32f1xx_hal.o
      1506          0          0          0          0       5585   stm32f1xx_hal_can.o
       272         22          0          0          0      28646   stm32f1xx_hal_cortex.o
       828         34          0          0          0       3247   stm32f1xx_hal_gpio.o
       220         22          0          0          0       1540   stm32f1xx_hal_msp.o
      1672         72         18          0          0       4256   stm32f1xx_hal_rcc.o
        34          0          0          0          0       3770   stm32f1xx_it.o
         2          0         24          4          0       1071   system_stm32f1xx.o
       868        140          0        145         44       4144   task.o

    ----------------------------------------------------------------------
      8682        502       6392        164       2308     480531   Object Totals
         0          0         32          0          0          0   (incl. Generated)
        14          0          2          6          0          0   (incl. Padding)

    ----------------------------------------------------------------------

      Code (inc. data)   RO Data    RW Data    ZI Data      Debug   Library Member Name

         0          0          0          0          0          0   entry.o
         0          0          0          0          0          0   entry10a.o
         0          0          0          0          0          0   entry11a.o
         8          4          0          0          0          0   entry2.o
         4          0          0          0          0          0   entry5.o
         0          0          0          0          0          0   entry7b.o
         0          0          0          0          0          0   entry8b.o
         8          4          0          0          0          0   entry9a.o
        30          0          0          0          0          0   handlers.o
        36          8          0          0          0         68   init.o
        30          0          0          0          0         68   llshl.o
        32          0          0          0          0         68   llushr.o
        36          0          0          0          0         68   memcpya.o
        36          0          0          0          0        108   memseta.o
      1192         48          0          0          0        420   printf8.o
        98          0          0          0          0         92   uldiv.o

    ----------------------------------------------------------------------
      1514         64          0          0          0        892   Library Totals
         4          0          0          0          0          0   (incl. Padding)

    ----------------------------------------------------------------------

      Code (inc. data)   RO Data    RW Data    ZI Data      Debug   Library Name

      1510         64          0          0          0        892   mc_w.l

    ----------------------------------------------------------------------
      1514         64          0          0          0        892   Library Totals

    ----------------------------------------------------------------------

==============================================================================


      Code (inc. data)   RO Data    RW Data    ZI Data      Debug   

     10196        566       6392        164       2308     476947   Grand Totals
     10196        566       6392        164       2308     476947   ELF Image Totals
     10196        566       6392        164          0          0   ROM Totals

==============================================================================

    Total RO  Size (Code + RO Data)                16588 (  16.20kB)
    Total RW  Size (RW Data + ZI Data)              2472 (   2.41kB)
    Total ROM Size (Code + RO Data + RW Data)      16752 (  16.36kB)

==============================================================================

