<html>
<body>
<pre>
<h1>µVision Build Log</h1>
<h2>Tool Versions:</h2>
IDE-Version: ¶ÃVision V5.24.2.0
Copyright (C) 2017 ARM Ltd and ARM Germany GmbH. All rights reserved.
License Information: Ding ding, LodDing, LIC=LSNXV-PYX26-SBLEJ-U5J31-BHKES-Q28YR
 
Tool Versions:
Toolchain:       MDK-ARM Plus  Version: 5.24.1
Toolchain Path:  E:\Keil_v5\ARM\ARMCC\Bin
C Compiler:      Armcc.exe V5.06 update 5 (build 528)
Assembler:       Armasm.exe V5.06 update 5 (build 528)
Linker/Locator:  ArmLink.exe V5.06 update 5 (build 528)
Library Manager: ArmAr.exe V5.06 update 5 (build 528)
Hex Converter:   FromElf.exe V5.06 update 5 (build 528)
CPU DLL:         SARMCM3.DLL V5.24.1
Dialog DLL:      DCM.DLL V1.16.0.0
Target DLL:      STLink\ST-LINKIII-KEIL_SWO.dll V3.0.1.0
Dialog DLL:      TCM.DLL V1.32.0.0
 
<h2>Project:</h2>
E:\STM32-Study\CubeMxTest\STM32-CAN\MDK-ARM\STM32-CAN.uvprojx
Project File Date:  07/17/2026

<h2>Output:</h2>
*** Using Compiler 'V5.06 update 5 (build 528)', folder: 'E:\Keil_v5\ARM\ARMCC\Bin'
Build target 'STM32-CAN'
assembling startup_stm32f103xb.s...
compiling stm32f1xx_hal_rcc_ex.c...
compiling stm32f1xx_hal_msp.c...
compiling stm32f1xx_hal.c...
compiling stm32f1xx_it.c...
compiling main.c...
../User/APP/task.h(25): warning:  #1-D: last line of file ends without a newline
  #endif
../Core/Src/main.c: 1 warning, 0 errors
compiling stm32f1xx_hal_can.c...
compiling stm32f1xx_hal_pwr.c...
compiling stm32f1xx_hal_cortex.c...
compiling stm32f1xx_hal_gpio.c...
compiling stm32f1xx_hal_gpio_ex.c...
compiling stm32f1xx_hal_dma.c...
compiling stm32f1xx_hal_rcc.c...
compiling tim_device.c...
compiling stm32f1xx_hal_flash_ex.c...
compiling stm32f1xx_hal_tim_ex.c...
compiling system_stm32f1xx.c...
compiling can.c...
..\User\Device\can.c(95): warning:  #1-D: last line of file ends without a newline
  }
..\User\Device\can.c: 1 warning, 0 errors
compiling stm32f1xx_hal_exti.c...
compiling stm32f1xx_hal_flash.c...
compiling task.c...
..\User\APP\task.h(25): warning:  #1-D: last line of file ends without a newline
  #endif
..\User\APP\task.c(12): warning:  #177-D: variable "s_ulRxId"  was declared but never referenced
  static uint32_t s_ulRxId;
..\User\APP\task.c(13): warning:  #177-D: variable "s_ucRxLength"  was declared but never referenced
  static uint8_t  s_ucRxLength;
..\User\APP\task.c(44): warning:  #177-D: variable "i"  was declared but never referenced
  static uint8_t i = 0;						//Áî®Êù•Ë°®Á§∫stTxMsgArrayÁöÑÁ¨¨iÈ°?
..\User\APP\task.c: 4 warnings, 0 errors
compiling botton.c...
compiling button_mid.c...
compiling oled_device.c...
compiling stm32f1xx_hal_tim.c...
linking...
Program Size: Code=9852 RO-data=6392 RW-data=224 ZI-data=2368  
FromELF: creating hex file...
"STM32-CAN\STM32-CAN.axf" - 0 Error(s), 6 Warning(s).

<h2>Software Packages used:</h2>

Package Vendor: ARM
                http://www.keil.com/pack/ARM.CMSIS.5.0.1.pack
                ARM.CMSIS.5.0.1
                CMSIS (Cortex Microcontroller Software Interface Standard)
   * Component: CORE Version: 5.0.1

Package Vendor: Keil
                http://www.keil.com/pack/Keil.STM32F1xx_DFP.2.2.0.pack
                Keil.STM32F1xx_DFP.2.2.0
                STMicroelectronics STM32F1 Series Device Support, Drivers and Examples

<h2>Collection of Component include folders:</h2>
  .\RTE\_STM32-CAN
  E:\Keil_v5\ARM\PACK\ARM\CMSIS\5.0.1\CMSIS\Include
  E:\Keil_v5\ARM\PACK\Keil\STM32F1xx_DFP\2.2.0\Device\Include

<h2>Collection of Component Files used:</h2>

   * Component: ARM::CMSIS:CORE:5.0.1
Build Time Elapsed:  00:00:09
</pre>
</body>
</html>
